../Core/Src/main.c:39:6:HAL_ADC_ConvCpltCallback	24	static
../Core/Src/main.c:55:6:HAL_UART_TxCpltCallback	16	static
../Core/Src/main.c:66:6:HAL_UART_RxCpltCallback	16	static
../Core/Src/main.c:117:5:main	8	static
../Core/Src/main.c:151:6:SystemClock_Config	88	static
../Core/Src/main.c:190:13:MX_ADC1_Init	24	static
../Core/Src/main.c:232:13:MX_TIM4_Init	64	static
../Core/Src/main.c:281:13:MX_USART2_UART_Init	8	static
../Core/Src/main.c:300:13:MX_DMA_Init	16	static
../Core/Src/main.c:321:13:MX_GPIO_Init	48	static
../Core/Src/main.c:343:6:Error_Handler	4	static,ignoring_inline_asm
