../src/CAN_Controller.c:28:6:CAN_rx	8	static
../src/CAN_Controller.c:37:6:CAN_tx	0	static
../src/CAN_Controller.c:45:6:CAN_error	0	static
C:\Users\sdkar\Documents\MCUXpressoIDE_11.6.0_8187\workspace\CAN_Controller\inc/Can_Controller.h:68:6:TIM_Init	16	static
C:\Users\sdkar\Documents\MCUXpressoIDE_11.6.0_8187\workspace\CAN_Controller\inc/Can_Controller.h:92:6:Delay	24	static
C:\Users\sdkar\Documents\MCUXpressoIDE_11.6.0_8187\workspace\CAN_Controller\inc/Can_Controller.h:108:6:Analog_Setup	16	static
C:\Users\sdkar\Documents\MCUXpressoIDE_11.6.0_8187\workspace\CAN_Controller\inc/Can_Controller.h:116:10:getAnalog	24	static
C:\Users\sdkar\Documents\MCUXpressoIDE_11.6.0_8187\workspace\CAN_Controller\inc/Can_Controller.h:150:6:Init_Pinmux	20	static
C:\Users\sdkar\Documents\MCUXpressoIDE_11.6.0_8187\workspace\CAN_Controller\inc/Can_Controller.h:182:6:getOutp	4	static
C:\Users\sdkar\Documents\MCUXpressoIDE_11.6.0_8187\workspace\CAN_Controller\inc/Can_Controller.h:203:6:getInput	0	static
C:\Users\sdkar\Documents\MCUXpressoIDE_11.6.0_8187\workspace\CAN_Controller\inc/Can_Controller.h:222:6:SetModePWM	0	static
C:\Users\sdkar\Documents\MCUXpressoIDE_11.6.0_8187\workspace\CAN_Controller\inc/Can_Controller.h:237:6:Init_PWM	8	static
C:\Users\sdkar\Documents\MCUXpressoIDE_11.6.0_8187\workspace\CAN_Controller\inc/Can_Controller.h:263:6:baudrateCalculate	24	static
C:\Users\sdkar\Documents\MCUXpressoIDE_11.6.0_8187\workspace\CAN_Controller\inc/Can_Controller.h:288:6:Send_Msg	40	static
C:\Users\sdkar\Documents\MCUXpressoIDE_11.6.0_8187\workspace\CAN_Controller\inc/Can_Controller.h:307:6:set_up_msg	8	static
C:\Users\sdkar\Documents\MCUXpressoIDE_11.6.0_8187\workspace\CAN_Controller\inc/Can_Controller.h:329:6:INP_send_status	8	static
C:\Users\sdkar\Documents\MCUXpressoIDE_11.6.0_8187\workspace\CAN_Controller\inc/Can_Controller.h:340:6:pot_send_data	8	static
../src/CAN_Controller.c:13:6:SysTick_Handler	8	static
../src/CAN_Controller.c:21:6:TIMER32_0_IRQHandler	0	static
../src/CAN_Controller.c:53:6:CAN_IRQHandler	8	static
../src/CAN_Controller.c:60:5:main	72	static
