Archive member included to satisfy reference by file (symbol)

C:\Users\sdkar\Documents\MCUXpressoIDE_11.6.0_8187\workspace\lpc_chip_11cxx_lib\Debug\liblpc_chip_11cxx_lib.a(adc_11xx.o)
                              ./src/CAN_Controller.o (Chip_ADC_Init)
C:\Users\sdkar\Documents\MCUXpressoIDE_11.6.0_8187\workspace\lpc_chip_11cxx_lib\Debug\liblpc_chip_11cxx_lib.a(chip_11xx.o)
                              ./src/CAN_Controller.o (SystemCoreClock)
C:\Users\sdkar\Documents\MCUXpressoIDE_11.6.0_8187\workspace\lpc_chip_11cxx_lib\Debug\liblpc_chip_11cxx_lib.a(clock_11xx.o)
                              ./src/CAN_Controller.o (Chip_Clock_GetMainClockRate)
C:\Users\sdkar\Documents\MCUXpressoIDE_11.6.0_8187\workspace\lpc_chip_11cxx_lib\Debug\liblpc_chip_11cxx_lib.a(gpio_11xx_2.o)
                              ./src/CAN_Controller.o (Chip_GPIO_Init)
C:\Users\sdkar\Documents\MCUXpressoIDE_11.6.0_8187\workspace\lpc_chip_11cxx_lib\Debug\liblpc_chip_11cxx_lib.a(sysctl_11xx.o)
                              C:\Users\sdkar\Documents\MCUXpressoIDE_11.6.0_8187\workspace\lpc_chip_11cxx_lib\Debug\liblpc_chip_11cxx_lib.a(adc_11xx.o) (Chip_SYSCTL_PowerDown)
C:\Users\sdkar\Documents\MCUXpressoIDE_11.6.0_8187\workspace\lpc_chip_11cxx_lib\Debug\liblpc_chip_11cxx_lib.a(sysinit_11xx.o)
                              ./src/sysinit.o (Chip_SystemInit)
C:\Users\sdkar\Documents\MCUXpressoIDE_11.6.0_8187\workspace\lpc_chip_11cxx_lib\Debug\liblpc_chip_11cxx_lib.a(timer_11xx.o)
                              ./src/CAN_Controller.o (Chip_TIMER_Init)
c:/nxp/mcuxpressoide_11.6.0_8187/ide/plugins/com.nxp.mcuxpresso.tools.win32_11.6.0.202112161359/tools/bin/../lib/gcc/arm-none-eabi/10.3.1/../../../../arm-none-eabi/lib/thumb/v6-m/nofp\libcr_c.a(__weak__main.o)
                              ./src/cr_startup_lpc11xx.o (__main)
c:/nxp/mcuxpressoide_11.6.0_8187/ide/plugins/com.nxp.mcuxpresso.tools.win32_11.6.0.202112161359/tools/bin/../lib/gcc/arm-none-eabi/10.3.1/thumb/v6-m/nofp\libcr_eabihelpers.a(division_32.o)
                              ./src/CAN_Controller.o (__aeabi_uidiv)
c:/nxp/mcuxpressoide_11.6.0_8187/ide/plugins/com.nxp.mcuxpresso.tools.win32_11.6.0.202112161359/tools/bin/../lib/gcc/arm-none-eabi/10.3.1/thumb/v6-m/nofp\libcr_eabihelpers.a(division_idiv0.o)
                              c:/nxp/mcuxpressoide_11.6.0_8187/ide/plugins/com.nxp.mcuxpresso.tools.win32_11.6.0.202112161359/tools/bin/../lib/gcc/arm-none-eabi/10.3.1/thumb/v6-m/nofp\libcr_eabihelpers.a(division_32.o) (__aeabi_idiv0)

Discarded input sections

 .group         0x00000000        0xc ./src/CAN_Controller.o
 .group         0x00000000        0xc ./src/CAN_Controller.o
 .group         0x00000000        0xc ./src/CAN_Controller.o
 .group         0x00000000        0xc ./src/CAN_Controller.o
 .group         0x00000000        0xc ./src/CAN_Controller.o
 .group         0x00000000        0xc ./src/CAN_Controller.o
 .group         0x00000000        0xc ./src/CAN_Controller.o
 .group         0x00000000        0xc ./src/CAN_Controller.o
 .group         0x00000000        0xc ./src/CAN_Controller.o
 .group         0x00000000        0xc ./src/CAN_Controller.o
 .group         0x00000000        0xc ./src/CAN_Controller.o
 .group         0x00000000        0xc ./src/CAN_Controller.o
 .group         0x00000000        0xc ./src/CAN_Controller.o
 .group         0x00000000        0xc ./src/CAN_Controller.o
 .group         0x00000000        0xc ./src/CAN_Controller.o
 .group         0x00000000        0xc ./src/CAN_Controller.o
 .group         0x00000000        0xc ./src/CAN_Controller.o
 .group         0x00000000        0xc ./src/CAN_Controller.o
 .group         0x00000000        0xc ./src/CAN_Controller.o
 .group         0x00000000        0xc ./src/CAN_Controller.o
 .group         0x00000000        0xc ./src/CAN_Controller.o
 .group         0x00000000        0xc ./src/CAN_Controller.o
 .group         0x00000000        0xc ./src/CAN_Controller.o
 .group         0x00000000        0xc ./src/CAN_Controller.o
 .group         0x00000000        0xc ./src/CAN_Controller.o
 .group         0x00000000        0xc ./src/CAN_Controller.o
 .text          0x00000000        0x0 ./src/CAN_Controller.o
 .data          0x00000000        0x0 ./src/CAN_Controller.o
 .bss           0x00000000        0x0 ./src/CAN_Controller.o
 .text.NVIC_ClearPendingIRQ
                0x00000000       0x34 ./src/CAN_Controller.o
 .text.Chip_TIMER_Enable
                0x00000000       0x1c ./src/CAN_Controller.o
 .text.Chip_TIMER_PrescaleSet
                0x00000000       0x18 ./src/CAN_Controller.o
 .text.Chip_TIMER_SetMatch
                0x00000000       0x2a ./src/CAN_Controller.o
 .text.Chip_TIMER_MatchEnableInt
                0x00000000       0x34 ./src/CAN_Controller.o
 .text.Chip_TIMER_ResetOnMatchEnable
                0x00000000       0x36 ./src/CAN_Controller.o
 .text.TIM_Init
                0x00000000       0x84 ./src/CAN_Controller.o
 .text.Delay    0x00000000       0x78 ./src/CAN_Controller.o
[...]
Memory Configuration

Name             Origin             Length             Attributes
MFlash32         0x00000000         0x00008000         xr
RamLoc8          0x10000000         0x00002000         xrw
*default*        0x00000000         0xffffffff

Linker script and memory map

LOAD ./src/CAN_Controller.o
LOAD ./src/cr_startup_lpc11xx.o
LOAD ./src/crp.o
LOAD ./src/sysinit.o
LOAD C:\Users\sdkar\Documents\MCUXpressoIDE_11.6.0_8187\workspace\lpc_chip_11cxx_lib\Debug\liblpc_chip_11cxx_lib.a
START GROUP
LOAD c:/nxp/mcuxpressoide_11.6.0_8187/ide/plugins/com.nxp.mcuxpresso.tools.win32_11.6.0.202112161359/tools/bin/../lib/gcc/arm-none-eabi/10.3.1/../../../../arm-none-eabi/lib/thumb/v6-m/nofp\libcr_c.a
LOAD c:/nxp/mcuxpressoide_11.6.0_8187/ide/plugins/com.nxp.mcuxpresso.tools.win32_11.6.0.202112161359/tools/bin/../lib/gcc/arm-none-eabi/10.3.1/thumb/v6-m/nofp\libcr_eabihelpers.a
LOAD c:/nxp/mcuxpressoide_11.6.0_8187/ide/plugins/com.nxp.mcuxpresso.tools.win32_11.6.0.202112161359/tools/bin/../lib/gcc/arm-none-eabi/10.3.1/thumb/v6-m/nofp\libgcc.a
END GROUP
                0x00000000                __base_MFlash32 = 0x0
                0x00000000                __base_Flash = 0x0
                0x00008000                __top_MFlash32 = 0x8000
                0x00008000                __top_Flash = 0x8000
                0x10000000                __base_RamLoc8 = 0x10000000
                0x10000000                __base_RAM = 0x10000000
                0x10002000                __top_RamLoc8 = 0x10002000
                0x10002000                __top_RAM = 0x10002000

.text           0x00000000     0x16a8
 FILL mask 0xff
                0x00000000                __vectors_start__ = ABSOLUTE (.)
 *(.isr_vector)
 .isr_vector    0x00000000       0xc0 ./src/cr_startup_lpc11xx.o
                0x00000000                g_pfnVectors
                0x000000c0                . = ALIGN (0x4)
                0x000000c0                __section_table_start = .
                0x000000c0                __data_section_table = .
                0x000000c0        0x4 LONG 0x16a8 LOADADDR (.data)
                0x000000c4        0x4 LONG 0x10000000 ADDR (.data)
                0x000000c8        0x4 LONG 0x0 SIZEOF (.data)
                0x000000cc                __data_section_table_end = .
                0x000000cc                __bss_section_table = .
                0x000000cc        0x4 LONG 0x10000000 ADDR (.bss)
                0x000000d0        0x4 LONG 0x94 SIZEOF (.bss)
                0x000000d4                __bss_section_table_end = .
                0x000000d4                __section_table_end = .
 *(.after_vectors*)
 .after_vectors
                0x000000d4      0x11c ./src/cr_startup_lpc11xx.o
                0x000000d4                data_init
                0x00000116                bss_init
                0x0000014c                ResetISR
                0x000001cc                NMI_Handler
                0x000001d2                HardFault_Handler
                0x000001d8                SVC_Handler
                0x000001de                PendSV_Handler
                0x000001ea                PIOINT1_IRQHandler
                0x000001ea                SSP0_IRQHandler
                0x000001ea                IntDefaultHandler
                0x000001ea                TIMER32_1_IRQHandler
                0x000001ea                TIMER16_1_IRQHandler
                0x000001ea                UART_IRQHandler
                0x000001ea                SSP1_IRQHandler
                0x000001ea                PIOINT2_IRQHandler
                0x000001ea                BOD_IRQHandler
                0x000001ea                WAKEUP_IRQHandler
                0x000001ea                PIOINT0_IRQHandler
                0x000001ea                I2C_IRQHandler
                0x000001ea                WDT_IRQHandler
                0x000001ea                ADC_IRQHandler
                0x000001ea                TIMER16_0_IRQHandler
                0x000001ea                PIOINT3_IRQHandler
                0x000002fc                . = 0x2fc
 *fill*         0x000001f0      0x10c ff
                0x000002fc                PROVIDE (__CRP_WORD_START__ = .)
 *(.crp)
 .crp           0x000002fc        0x4 ./src/crp.o
                0x000002fc                CRP_WORD
                0x00000300                PROVIDE (__CRP_WORD_END__ = .)
                0x00000001                ASSERT (! ((__CRP_WORD_START__ == __CRP_WORD_END__)), Linker CRP Enabled, but no CRP_WORD provided within application)
 *(.text*)
 .text.NVIC_EnableIRQ
                0x00000300       0x2c ./src/CAN_Controller.o
 .text.NVIC_SetPriority
                0x0000032c       0xdc ./src/CAN_Controller.o
 .text.SysTick_Config
                0x00000408       0x48 ./src/CAN_Controller.o
 .text.Chip_Clock_EnablePeriphClock
                0x00000450       0x30 ./src/CAN_Controller.o
 .text.Chip_IOCON_PinMuxSet
                0x00000480       0x26 ./src/CAN_Controller.o
 .text.Chip_IOCON_PinMux
                0x000004a6       0x40 ./src/CAN_Controller.o
 .text.Chip_GPIO_GetPinState
                0x000004e6       0x3e ./src/CAN_Controller.o
 .text.Chip_GPIO_SetPinDIROutput
                0x00000524       0x4c ./src/CAN_Controller.o
 .text.Chip_GPIO_SetPinDIRInput
                0x00000570       0x4e ./src/CAN_Controller.o
 .text.Chip_GPIO_SetPinToggle
                0x000005be       0x5e ./src/CAN_Controller.o
 .text.Analog_Setup
                0x0000061c       0x44 ./src/CAN_Controller.o
                0x0000061c                Analog_Setup
 .text.getAnalog
                0x00000660       0xd0 ./src/CAN_Controller.o
                0x00000660                getAnalog
 .text.Init_Pinmux
                0x00000730       0xc4 ./src/CAN_Controller.o
                0x00000730                Init_Pinmux
 .text.getOutp  0x000007f4       0x9c ./src/CAN_Controller.o
                0x000007f4                getOutp
 .text.getInput
                0x00000890       0x48 ./src/CAN_Controller.o
                0x00000890                getInput
 .text.SetModePWM
                0x000008d8       0x1c ./src/CAN_Controller.o
                0x000008d8                SetModePWM
 .text.baudrateCalculate
                0x000008f4       0xca ./src/CAN_Controller.o
                0x000008f4                baudrateCalculate
 *fill*         0x000009be        0x2 ff
 .text.Send_Msg
                0x000009c0       0x98 ./src/CAN_Controller.o
                0x000009c0                Send_Msg
 .text.set_up_msg
                0x00000a58       0xb8 ./src/CAN_Controller.o
                0x00000a58                set_up_msg
 .text.INP_send_status
                0x00000b10       0x4c ./src/CAN_Controller.o
                0x00000b10                INP_send_status
 .text.pot_send_data
                0x00000b5c       0x48 ./src/CAN_Controller.o
                0x00000b5c                pot_send_data
 .text.SysTick_Handler
                0x00000ba4       0x34 ./src/CAN_Controller.o
                0x00000ba4                SysTick_Handler
 .text.TIMER32_0_IRQHandler
                0x00000bd8       0x18 ./src/CAN_Controller.o
                0x00000bd8                TIMER32_0_IRQHandler
 .text.CAN_rx   0x00000bf0       0x40 ./src/CAN_Controller.o
                0x00000bf0                CAN_rx
 .text.CAN_tx   0x00000c30       0x22 ./src/CAN_Controller.o
                0x00000c30                CAN_tx
 .text.CAN_error
                0x00000c52       0x10 ./src/CAN_Controller.o
                0x00000c52                CAN_error
 *fill*         0x00000c62        0x2 ff
 .text.CAN_IRQHandler
                0x00000c64       0x18 ./src/CAN_Controller.o
                0x00000c64                CAN_IRQHandler
 .text.main     0x00000c7c      0x124 ./src/CAN_Controller.o
                0x00000c7c                main
 .text.SystemInit
                0x00000da0        0xe ./src/sysinit.o
                0x00000da0                SystemInit
 *fill*         0x00000dae        0x2 ff
 .text.Chip_Clock_EnablePeriphClock
                0x00000db0       0x30 C:\Users\sdkar\Documents\MCUXpressoIDE_11.6.0_8187\workspace\lpc_chip_11cxx_lib\Debug\liblpc_chip_11cxx_lib.a(adc_11xx.o)
 .text.getFullConvClk
                0x00000de0        0xc C:\Users\sdkar\Documents\MCUXpressoIDE_11.6.0_8187\workspace\lpc_chip_11cxx_lib\Debug\liblpc_chip_11cxx_lib.a(adc_11xx.o)
 .text.getClkDiv
                0x00000dec       0x74 C:\Users\sdkar\Documents\MCUXpressoIDE_11.6.0_8187\workspace\lpc_chip_11cxx_lib\Debug\liblpc_chip_11cxx_lib.a(adc_11xx.o)
 .text.setStartMode
                0x00000e60       0x34 C:\Users\sdkar\Documents\MCUXpressoIDE_11.6.0_8187\workspace\lpc_chip_11cxx_lib\Debug\liblpc_chip_11cxx_lib.a(adc_11xx.o)
                0x00000e60                setStartMode
 .text.readAdcVal
                0x00000e94       0x44 C:\Users\sdkar\Documents\MCUXpressoIDE_11.6.0_8187\workspace\lpc_chip_11cxx_lib\Debug\liblpc_chip_11cxx_lib.a(adc_11xx.o)
                0x00000e94                readAdcVal
 .text.Chip_ADC_Init
                0x00000ed8       0x8c C:\Users\sdkar\Documents\MCUXpressoIDE_11.6.0_8187\workspace\lpc_chip_11cxx_lib\Debug\liblpc_chip_11cxx_lib.a(adc_11xx.o)
                0x00000ed8                Chip_ADC_Init
 .text.Chip_ADC_ReadValue
                0x00000f64       0x2a C:\Users\sdkar\Documents\MCUXpressoIDE_11.6.0_8187\workspace\lpc_chip_11cxx_lib\Debug\liblpc_chip_11cxx_lib.a(adc_11xx.o)
                0x00000f64                Chip_ADC_ReadValue
 .text.Chip_ADC_ReadStatus
                0x00000f8e       0x84 C:\Users\sdkar\Documents\MCUXpressoIDE_11.6.0_8187\workspace\lpc_chip_11cxx_lib\Debug\liblpc_chip_11cxx_lib.a(adc_11xx.o)
                0x00000f8e                Chip_ADC_ReadStatus
 *fill*         0x00001012        0x2 ff
 .text.Chip_ADC_SetStartMode
                0x00001014       0x68 C:\Users\sdkar\Documents\MCUXpressoIDE_11.6.0_8187\workspace\lpc_chip_11cxx_lib\Debug\liblpc_chip_11cxx_lib.a(adc_11xx.o)
                0x00001014                Chip_ADC_SetStartMode
 .text.Chip_ADC_SetSampleRate
                0x0000107c       0x70 C:\Users\sdkar\Documents\MCUXpressoIDE_11.6.0_8187\workspace\lpc_chip_11cxx_lib\Debug\liblpc_chip_11cxx_lib.a(adc_11xx.o)
                0x0000107c                Chip_ADC_SetSampleRate
 .text.Chip_ADC_SetResolution
                0x000010ec       0x2c C:\Users\sdkar\Documents\MCUXpressoIDE_11.6.0_8187\workspace\lpc_chip_11cxx_lib\Debug\liblpc_chip_11cxx_lib.a(adc_11xx.o)
                0x000010ec                Chip_ADC_SetResolution
 .text.Chip_ADC_EnableChannel
                0x00001118       0x64 C:\Users\sdkar\Documents\MCUXpressoIDE_11.6.0_8187\workspace\lpc_chip_11cxx_lib\Debug\liblpc_chip_11cxx_lib.a(adc_11xx.o)
                0x00001118                Chip_ADC_EnableChannel
 .text.Chip_ADC_SetBurstCmd
                0x0000117c       0x48 C:\Users\sdkar\Documents\MCUXpressoIDE_11.6.0_8187\workspace\lpc_chip_11cxx_lib\Debug\liblpc_chip_11cxx_lib.a(adc_11xx.o)
                0x0000117c                Chip_ADC_SetBurstCmd
 .text.SystemCoreClockUpdate
                0x000011c4       0x18 C:\Users\sdkar\Documents\MCUXpressoIDE_11.6.0_8187\workspace\lpc_chip_11cxx_lib\Debug\liblpc_chip_11cxx_lib.a(chip_11xx.o)
                0x000011c4                SystemCoreClockUpdate
 .text.Chip_Clock_GetMainOscRate
                0x000011dc       0x18 C:\Users\sdkar\Documents\MCUXpressoIDE_11.6.0_8187\workspace\lpc_chip_11cxx_lib\Debug\liblpc_chip_11cxx_lib.a(clock_11xx.o)
 .text.Chip_Clock_GetIntOscRate
                0x000011f4       0x10 C:\Users\sdkar\Documents\MCUXpressoIDE_11.6.0_8187\workspace\lpc_chip_11cxx_lib\Debug\liblpc_chip_11cxx_lib.a(clock_11xx.o)
 .text.Chip_Clock_GetWDTLFORate
                0x00001204       0x48 C:\Users\sdkar\Documents\MCUXpressoIDE_11.6.0_8187\workspace\lpc_chip_11cxx_lib\Debug\liblpc_chip_11cxx_lib.a(clock_11xx.o)
 .text.Chip_Clock_GetPLLFreq
                0x0000124c       0x22 C:\Users\sdkar\Documents\MCUXpressoIDE_11.6.0_8187\workspace\lpc_chip_11cxx_lib\Debug\liblpc_chip_11cxx_lib.a(clock_11xx.o)
 *fill*         0x0000126e        0x2 ff
 .text.Chip_Clock_SetSystemPLLSource
                0x00001270       0x2c C:\Users\sdkar\Documents\MCUXpressoIDE_11.6.0_8187\workspace\lpc_chip_11cxx_lib\Debug\liblpc_chip_11cxx_lib.a(clock_11xx.o)
                0x00001270                Chip_Clock_SetSystemPLLSource
 .text.Chip_Clock_SetMainClockSource
                0x0000129c       0x2c C:\Users\sdkar\Documents\MCUXpressoIDE_11.6.0_8187\workspace\lpc_chip_11cxx_lib\Debug\liblpc_chip_11cxx_lib.a(clock_11xx.o)
                0x0000129c                Chip_Clock_SetMainClockSource
 .text.Chip_Clock_GetWDTOSCRate
                0x000012c8       0x1c C:\Users\sdkar\Documents\MCUXpressoIDE_11.6.0_8187\workspace\lpc_chip_11cxx_lib\Debug\liblpc_chip_11cxx_lib.a(clock_11xx.o)
                0x000012c8                Chip_Clock_GetWDTOSCRate
 .text.Chip_Clock_GetSystemPLLInClockRate
                0x000012e4       0x40 C:\Users\sdkar\Documents\MCUXpressoIDE_11.6.0_8187\workspace\lpc_chip_11cxx_lib\Debug\liblpc_chip_11cxx_lib.a(clock_11xx.o)
                0x000012e4                Chip_Clock_GetSystemPLLInClockRate
 .text.Chip_Clock_GetSystemPLLOutClockRate
                0x00001324       0x24 C:\Users\sdkar\Documents\MCUXpressoIDE_11.6.0_8187\workspace\lpc_chip_11cxx_lib\Debug\liblpc_chip_11cxx_lib.a(clock_11xx.o)
                0x00001324                Chip_Clock_GetSystemPLLOutClockRate
 .text.Chip_Clock_GetMainClockRate
                0x00001348       0x64 C:\Users\sdkar\Documents\MCUXpressoIDE_11.6.0_8187\workspace\lpc_chip_11cxx_lib\Debug\liblpc_chip_11cxx_lib.a(clock_11xx.o)
                0x00001348                Chip_Clock_GetMainClockRate
 .text.Chip_Clock_GetSystemClockRate
                0x000013ac       0x24 C:\Users\sdkar\Documents\MCUXpressoIDE_11.6.0_8187\workspace\lpc_chip_11cxx_lib\Debug\liblpc_chip_11cxx_lib.a(clock_11xx.o)
                0x000013ac                Chip_Clock_GetSystemClockRate
 .text.Chip_Clock_EnablePeriphClock
                0x000013d0       0x30 C:\Users\sdkar\Documents\MCUXpressoIDE_11.6.0_8187\workspace\lpc_chip_11cxx_lib\Debug\liblpc_chip_11cxx_lib.a(gpio_11xx_2.o)
 .text.Chip_GPIO_Init
                0x00001400       0x16 C:\Users\sdkar\Documents\MCUXpressoIDE_11.6.0_8187\workspace\lpc_chip_11cxx_lib\Debug\liblpc_chip_11cxx_lib.a(gpio_11xx_2.o)
                0x00001400                Chip_GPIO_Init
 *fill*         0x00001416        0x2 ff
 .text.Chip_SYSCTL_PowerDown
                0x00001418       0x40 C:\Users\sdkar\Documents\MCUXpressoIDE_11.6.0_8187\workspace\lpc_chip_11cxx_lib\Debug\liblpc_chip_11cxx_lib.a(sysctl_11xx.o)
                0x00001418                Chip_SYSCTL_PowerDown
 .text.Chip_SYSCTL_PowerUp
                0x00001458       0x40 C:\Users\sdkar\Documents\MCUXpressoIDE_11.6.0_8187\workspace\lpc_chip_11cxx_lib\Debug\liblpc_chip_11cxx_lib.a(sysctl_11xx.o)
                0x00001458                Chip_SYSCTL_PowerUp
 .text.Chip_FMC_SetFLASHAccess
                0x00001498       0x30 C:\Users\sdkar\Documents\MCUXpressoIDE_11.6.0_8187\workspace\lpc_chip_11cxx_lib\Debug\liblpc_chip_11cxx_lib.a(sysinit_11xx.o)
 .text.Chip_Clock_SetupSystemPLL
                0x000014c8       0x38 C:\Users\sdkar\Documents\MCUXpressoIDE_11.6.0_8187\workspace\lpc_chip_11cxx_lib\Debug\liblpc_chip_11cxx_lib.a(sysinit_11xx.o)
 .text.Chip_Clock_IsSystemPLLLocked
                0x00001500       0x1c C:\Users\sdkar\Documents\MCUXpressoIDE_11.6.0_8187\workspace\lpc_chip_11cxx_lib\Debug\liblpc_chip_11cxx_lib.a(sysinit_11xx.o)
 .text.Chip_Clock_SetSysClockDiv
                0x0000151c       0x1c C:\Users\sdkar\Documents\MCUXpressoIDE_11.6.0_8187\workspace\lpc_chip_11cxx_lib\Debug\liblpc_chip_11cxx_lib.a(sysinit_11xx.o)
 .text.Chip_Clock_EnablePeriphClock
                0x00001538       0x30 C:\Users\sdkar\Documents\MCUXpressoIDE_11.6.0_8187\workspace\lpc_chip_11cxx_lib\Debug\liblpc_chip_11cxx_lib.a(sysinit_11xx.o)
 .text.Chip_SystemInit
                0x00001568       0x5c C:\Users\sdkar\Documents\MCUXpressoIDE_11.6.0_8187\workspace\lpc_chip_11cxx_lib\Debug\liblpc_chip_11cxx_lib.a(sysinit_11xx.o)
                0x00001568                Chip_SystemInit
 .text.__weak_main
                0x000015c4        0x8 c:/nxp/mcuxpressoide_11.6.0_8187/ide/plugins/com.nxp.mcuxpresso.tools.win32_11.6.0.202112161359/tools/bin/../lib/gcc/arm-none-eabi/10.3.1/../../../../arm-none-eabi/lib/thumb/v6-m/nofp\libcr_c.a(__weak__main.o)
                0x000015c4                __weak_main
                0x000015c4                __main
 .text.__aeabi_division_idivmod
                0x000015cc       0x78 c:/nxp/mcuxpressoide_11.6.0_8187/ide/plugins/com.nxp.mcuxpresso.tools.win32_11.6.0.202112161359/tools/bin/../lib/gcc/arm-none-eabi/10.3.1/thumb/v6-m/nofp\libcr_eabihelpers.a(division_32.o)
                0x000015cc                __aeabi_idivmod
                0x000015cc                __aeabi_idiv
                0x000015d2                __aeabi_uidivmod
                0x000015d2                __aeabi_uidiv
 .text.__aeabi_division_idiv0
                0x00001644        0x2 c:/nxp/mcuxpressoide_11.6.0_8187/ide/plugins/com.nxp.mcuxpresso.tools.win32_11.6.0.202112161359/tools/bin/../lib/gcc/arm-none-eabi/10.3.1/thumb/v6-m/nofp\libcr_eabihelpers.a(division_idiv0.o)
                0x00001644                __aeabi_idiv0
 *(.rodata .rodata.* .constdata .constdata.*)
 *fill*         0x00001646        0x2 ff
 .rodata        0x00001648       0x20 ./src/CAN_Controller.o
 .rodata.wdtOSCRate
                0x00001668       0x40 C:\Users\sdkar\Documents\MCUXpressoIDE_11.6.0_8187\workspace\lpc_chip_11cxx_lib\Debug\liblpc_chip_11cxx_lib.a(clock_11xx.o)
                0x000016a8                . = ALIGN (0x4)

.glue_7         0x000016a8        0x0
 .glue_7        0x000016a8        0x0 linker stubs

.glue_7t        0x000016a8        0x0
 .glue_7t       0x000016a8        0x0 linker stubs

.vfp11_veneer   0x000016a8        0x0
 .vfp11_veneer  0x000016a8        0x0 linker stubs

.v4_bx          0x000016a8        0x0
 .v4_bx         0x000016a8        0x0 linker stubs

.iplt           0x000016a8        0x0
 .iplt          0x000016a8        0x0 ./src/CAN_Controller.o

.rel.dyn        0x000016a8        0x0
 .rel.iplt      0x000016a8        0x0 ./src/CAN_Controller.o

.ARM.extab
 *(.ARM.extab* .gnu.linkonce.armextab.*)

.ARM.exidx      0x000016a8        0x0
                0x000016a8                __exidx_start = .
 *(.ARM.exidx* .gnu.linkonce.armexidx.*)
                0x000016a8                __exidx_end = .
                0x000016a8                _etext = .

.uninit_RESERVED
                0x10000000        0x0
                0x10000000                _start_uninit_RESERVED = .
 *(.bss.$RESERVED*)
                0x10000000                . = ALIGN (0x4)
                0x10000000                _end_uninit_RESERVED = .

.data           0x10000000        0x0 load address 0x000016a8
 FILL mask 0xff
                0x10000000                _data = .
                [!provide]                PROVIDE (__start_data_RAM = .)
                [!provide]                PROVIDE (__start_data_RamLoc8 = .)
 *(vtable)
 *(.ramfunc*)
 *(CodeQuickAccess)
 *(DataQuickAccess)
 *(RamFunction)
 *(.data*)
                0x10000000                . = ALIGN (0x4)
                0x10000000                _edata = .
                [!provide]                PROVIDE (__end_data_RAM = .)
                [!provide]                PROVIDE (__end_data_RamLoc8 = .)

.igot.plt       0x10000000        0x0 load address 0x000016a8
 .igot.plt      0x10000000        0x0 ./src/CAN_Controller.o

.bss            0x10000000       0x94
                0x10000000                _bss = .
                [!provide]                PROVIDE (__start_bss_RAM = .)
                [!provide]                PROVIDE (__start_bss_RamLoc8 = .)
 *(.bss*)
 .bss.ADCSetup  0x10000000        0x8 ./src/CAN_Controller.o
 .bss.INP       0x10000008       0x14 ./src/CAN_Controller.o
                0x10000008                INP
 .bss.temperature
                0x1000001c       0x14 ./src/CAN_Controller.o
                0x1000001c                temperature
 .bss.pot       0x10000030       0x14 ./src/CAN_Controller.o
                0x10000030                pot
 .bss.ledstatus
                0x10000044       0x14 ./src/CAN_Controller.o
                0x10000044                ledstatus
 .bss.send_msg  0x10000058       0x14 ./src/CAN_Controller.o
                0x10000058                send_msg
 .bss.received_signal
                0x1000006c       0x14 ./src/CAN_Controller.o
                0x1000006c                received_signal
 .bss.inp_value
                0x10000080        0x1 ./src/CAN_Controller.o
                0x10000080                inp_value
 .bss.out_value
                0x10000081        0x1 ./src/CAN_Controller.o
                0x10000081                out_value
 *fill*         0x10000082        0x2 
 .bss.CanApiClkInitTable
                0x10000084        0x8 ./src/CAN_Controller.o
                0x10000084                CanApiClkInitTable
 .bss.systick   0x1000008c        0x2 ./src/CAN_Controller.o
                0x1000008c                systick
 *fill*         0x1000008e        0x2 
 .bss.SystemCoreClock
                0x10000090        0x4 C:\Users\sdkar\Documents\MCUXpressoIDE_11.6.0_8187\workspace\lpc_chip_11cxx_lib\Debug\liblpc_chip_11cxx_lib.a(chip_11xx.o)
                0x10000090                SystemCoreClock
 *(COMMON)
                0x10000094                . = ALIGN (0x4)
                0x10000094                _ebss = .
                [!provide]                PROVIDE (__end_bss_RAM = .)
                [!provide]                PROVIDE (__end_bss_RamLoc8 = .)
                [!provide]                PROVIDE (end = .)

.noinit         0x10000094        0x0
                0x10000094                _noinit = .
                [!provide]                PROVIDE (__start_noinit_RAM = .)
                [!provide]                PROVIDE (__start_noinit_RamLoc8 = .)
 *(.noinit*)
                0x10000094                . = ALIGN (0x4)
                0x10000094                _end_noinit = .
                [!provide]                PROVIDE (__end_noinit_RAM = .)
                [!provide]                PROVIDE (__end_noinit_RamLoc8 = .)
                [!provide]                PROVIDE (_pvHeapStart = DEFINED (__user_heap_base)?__user_heap_base:.)
                0x10002000                PROVIDE (_vStackTop = DEFINED (__user_stack_top)?__user_stack_top:(__top_RamLoc8 - 0x0))
                0xefffdb13                PROVIDE (__valid_user_code_checksum = (0x0 - (((_vStackTop + (ResetISR + 0x1)) + (DEFINED (NMI_Handler)?NMI_Handler:M0_NMI_Handler + 0x1)) + (DEFINED (HardFault_Handler)?HardFault_Handler:M0_HardFault_Handler + 0x1))))
                0x00000000                _image_start = LOADADDR (.text)
                0x000016a8                _image_end = (LOADADDR (.data) + SIZEOF (.data))
                0x000016a8                _image_size = (_image_end - _image_start)
OUTPUT(CAN_Controller.axf elf32-littlearm)
LOAD linker stubs

.debug_info     0x00000000     0x4f6e
 .debug_info    0x00000000     0x1c1d ./src/CAN_Controller.o
 .debug_info    0x00001c1d      0x22e ./src/cr_startup_lpc11xx.o
 .debug_info    0x00001e4b       0x40 ./src/crp.o
 .debug_info    0x00001e8b       0xd5 ./src/sysinit.o
 .debug_info    0x00001f60      0xcb8 C:\Users\sdkar\Documents\MCUXpressoIDE_11.6.0_8187\workspace\lpc_chip_11cxx_lib\Debug\liblpc_chip_11cxx_lib.a(adc_11xx.o)
 .debug_info    0x00002c18       0xb7 C:\Users\sdkar\Documents\MCUXpressoIDE_11.6.0_8187\workspace\lpc_chip_11cxx_lib\Debug\liblpc_chip_11cxx_lib.a(chip_11xx.o)
 .debug_info    0x00002ccf      0x8f4 C:\Users\sdkar\Documents\MCUXpressoIDE_11.6.0_8187\workspace\lpc_chip_11cxx_lib\Debug\liblpc_chip_11cxx_lib.a(clock_11xx.o)
 .debug_info    0x000035c3      0xbcf C:\Users\sdkar\Documents\MCUXpressoIDE_11.6.0_8187\workspace\lpc_chip_11cxx_lib\Debug\liblpc_chip_11cxx_lib.a(gpio_11xx_2.o)
 .debug_info    0x00004192      0x5b5 C:\Users\sdkar\Documents\MCUXpressoIDE_11.6.0_8187\workspace\lpc_chip_11cxx_lib\Debug\liblpc_chip_11cxx_lib.a(sysctl_11xx.o)
 .debug_info    0x00004747      0x827 C:\Users\sdkar\Documents\MCUXpressoIDE_11.6.0_8187\workspace\lpc_chip_11cxx_lib\Debug\liblpc_chip_11cxx_lib.a(sysinit_11xx.o)

.debug_abbrev   0x00000000      0xeeb
 .debug_abbrev  0x00000000      0x433 ./src/CAN_Controller.o
 .debug_abbrev  0x00000433      0x111 ./src/cr_startup_lpc11xx.o
 .debug_abbrev  0x00000544       0x38 ./src/crp.o
 .debug_abbrev  0x0000057c       0x7f ./src/sysinit.o
 .debug_abbrev  0x000005fb      0x21f C:\Users\sdkar\Documents\MCUXpressoIDE_11.6.0_8187\workspace\lpc_chip_11cxx_lib\Debug\liblpc_chip_11cxx_lib.a(adc_11xx.o)
 .debug_abbrev  0x0000081a       0x78 C:\Users\sdkar\Documents\MCUXpressoIDE_11.6.0_8187\workspace\lpc_chip_11cxx_lib\Debug\liblpc_chip_11cxx_lib.a(chip_11xx.o)
 .debug_abbrev  0x00000892      0x202 C:\Users\sdkar\Documents\MCUXpressoIDE_11.6.0_8187\workspace\lpc_chip_11cxx_lib\Debug\liblpc_chip_11cxx_lib.a(clock_11xx.o)
 .debug_abbrev  0x00000a94      0x1d8 C:\Users\sdkar\Documents\MCUXpressoIDE_11.6.0_8187\workspace\lpc_chip_11cxx_lib\Debug\liblpc_chip_11cxx_lib.a(gpio_11xx_2.o)
 .debug_abbrev  0x00000c6c       0xe5 C:\Users\sdkar\Documents\MCUXpressoIDE_11.6.0_8187\workspace\lpc_chip_11cxx_lib\Debug\liblpc_chip_11cxx_lib.a(sysctl_11xx.o)
 .debug_abbrev  0x00000d51      0x19a C:\Users\sdkar\Documents\MCUXpressoIDE_11.6.0_8187\workspace\lpc_chip_11cxx_lib\Debug\liblpc_chip_11cxx_lib.a(sysinit_11xx.o)

.debug_aranges  0x00000000      0x458
 .debug_aranges
                0x00000000      0x148 ./src/CAN_Controller.o
 .debug_aranges
                0x00000148       0x60 ./src/cr_startup_lpc11xx.o
 .debug_aranges
                0x000001a8       0x18 ./src/crp.o
 .debug_aranges
                0x000001c0       0x20 ./src/sysinit.o
 .debug_aranges
                0x000001e0       0xa0 C:\Users\sdkar\Documents\MCUXpressoIDE_11.6.0_8187\workspace\lpc_chip_11cxx_lib\Debug\liblpc_chip_11cxx_lib.a(adc_11xx.o)
 .debug_aranges
                0x00000280       0x20 C:\Users\sdkar\Documents\MCUXpressoIDE_11.6.0_8187\workspace\lpc_chip_11cxx_lib\Debug\liblpc_chip_11cxx_lib.a(chip_11xx.o)
 .debug_aranges
                0x000002a0       0x88 C:\Users\sdkar\Documents\MCUXpressoIDE_11.6.0_8187\workspace\lpc_chip_11cxx_lib\Debug\liblpc_chip_11cxx_lib.a(clock_11xx.o)
 .debug_aranges
                0x00000328       0xb0 C:\Users\sdkar\Documents\MCUXpressoIDE_11.6.0_8187\workspace\lpc_chip_11cxx_lib\Debug\liblpc_chip_11cxx_lib.a(gpio_11xx_2.o)
 .debug_aranges
                0x000003d8       0x38 C:\Users\sdkar\Documents\MCUXpressoIDE_11.6.0_8187\workspace\lpc_chip_11cxx_lib\Debug\liblpc_chip_11cxx_lib.a(sysctl_11xx.o)
 .debug_aranges
                0x00000410       0x48 C:\Users\sdkar\Documents\MCUXpressoIDE_11.6.0_8187\workspace\lpc_chip_11cxx_lib\Debug\liblpc_chip_11cxx_lib.a(sysinit_11xx.o)

.debug_ranges   0x00000000      0x3b0
 .debug_ranges  0x00000000      0x138 ./src/CAN_Controller.o
 .debug_ranges  0x00000138       0x50 ./src/cr_startup_lpc11xx.o
 .debug_ranges  0x00000188       0x10 ./src/sysinit.o
 .debug_ranges  0x00000198       0x90 C:\Users\sdkar\Documents\MCUXpressoIDE_11.6.0_8187\workspace\lpc_chip_11cxx_lib\Debug\liblpc_chip_11cxx_lib.a(adc_11xx.o)
 .debug_ranges  0x00000228       0x10 C:\Users\sdkar\Documents\MCUXpressoIDE_11.6.0_8187\workspace\lpc_chip_11cxx_lib\Debug\liblpc_chip_11cxx_lib.a(chip_11xx.o)
 .debug_ranges  0x00000238       0x78 C:\Users\sdkar\Documents\MCUXpressoIDE_11.6.0_8187\workspace\lpc_chip_11cxx_lib\Debug\liblpc_chip_11cxx_lib.a(clock_11xx.o)
 .debug_ranges  0x000002b0       0xa0 C:\Users\sdkar\Documents\MCUXpressoIDE_11.6.0_8187\workspace\lpc_chip_11cxx_lib\Debug\liblpc_chip_11cxx_lib.a(gpio_11xx_2.o)
 .debug_ranges  0x00000350       0x28 C:\Users\sdkar\Documents\MCUXpressoIDE_11.6.0_8187\workspace\lpc_chip_11cxx_lib\Debug\liblpc_chip_11cxx_lib.a(sysctl_11xx.o)
 .debug_ranges  0x00000378       0x38 C:\Users\sdkar\Documents\MCUXpressoIDE_11.6.0_8187\workspace\lpc_chip_11cxx_lib\Debug\liblpc_chip_11cxx_lib.a(sysinit_11xx.o)

.debug_macro    0x00000000     0x35e5
 .debug_macro   0x00000000      0x160 ./src/CAN_Controller.o
 .debug_macro   0x00000160      0xa6c ./src/CAN_Controller.o
 .debug_macro   0x00000bcc       0x10 ./src/CAN_Controller.o
 .debug_macro   0x00000bdc      0x12e ./src/CAN_Controller.o
 .debug_macro   0x00000d0a      0x5b3 ./src/CAN_Controller.o
 .debug_macro   0x000012bd       0x22 ./src/CAN_Controller.o
 .debug_macro   0x000012df       0x7b ./src/CAN_Controller.o
 .debug_macro   0x0000135a       0x10 ./src/CAN_Controller.o
 .debug_macro   0x0000136a       0x1f ./src/CAN_Controller.o
 .debug_macro   0x00001389       0x3a ./src/CAN_Controller.o
 .debug_macro   0x000013c3      0x241 ./src/CAN_Controller.o
 .debug_macro   0x00001604      0x117 ./src/CAN_Controller.o
 .debug_macro   0x0000171b       0x22 ./src/CAN_Controller.o
 .debug_macro   0x0000173d       0xb2 ./src/CAN_Controller.o
 .debug_macro   0x000017ef       0x10 ./src/CAN_Controller.o
 .debug_macro   0x000017ff      0x137 ./src/CAN_Controller.o
 .debug_macro   0x00001936       0x4c ./src/CAN_Controller.o
 .debug_macro   0x00001982       0x16 ./src/CAN_Controller.o
 .debug_macro   0x00001998      0x31a ./src/CAN_Controller.o
 .debug_macro   0x00001cb2       0x2e ./src/CAN_Controller.o
 .debug_macro   0x00001ce0       0xb8 ./src/CAN_Controller.o
 .debug_macro   0x00001d98       0x11 ./src/CAN_Controller.o
 .debug_macro   0x00001da9       0x7c ./src/CAN_Controller.o
 .debug_macro   0x00001e25      0x21c ./src/CAN_Controller.o
 .debug_macro   0x00002041      0x113 ./src/CAN_Controller.o
 .debug_macro   0x00002154       0x82 ./src/CAN_Controller.o
 .debug_macro   0x000021d6       0x28 ./src/CAN_Controller.o
 .debug_macro   0x000021fe       0x1d ./src/cr_startup_lpc11xx.o
 .debug_macro   0x0000221b       0x1a ./src/crp.o
 .debug_macro   0x00002235       0x34 ./src/crp.o
 .debug_macro   0x00002269      0x148 ./src/sysinit.o
 .debug_macro   0x000023b1      0x148 C:\Users\sdkar\Documents\MCUXpressoIDE_11.6.0_8187\workspace\lpc_chip_11cxx_lib\Debug\liblpc_chip_11cxx_lib.a(adc_11xx.o)
 .debug_macro   0x000024f9      0xa5a C:\Users\sdkar\Documents\MCUXpressoIDE_11.6.0_8187\workspace\lpc_chip_11cxx_lib\Debug\liblpc_chip_11cxx_lib.a(adc_11xx.o)
 .debug_macro   0x00002f53      0x148 C:\Users\sdkar\Documents\MCUXpressoIDE_11.6.0_8187\workspace\lpc_chip_11cxx_lib\Debug\liblpc_chip_11cxx_lib.a(chip_11xx.o)
 .debug_macro   0x0000309b      0x148 C:\Users\sdkar\Documents\MCUXpressoIDE_11.6.0_8187\workspace\lpc_chip_11cxx_lib\Debug\liblpc_chip_11cxx_lib.a(clock_11xx.o)
 .debug_macro   0x000031e3      0x148 C:\Users\sdkar\Documents\MCUXpressoIDE_11.6.0_8187\workspace\lpc_chip_11cxx_lib\Debug\liblpc_chip_11cxx_lib.a(gpio_11xx_2.o)
 .debug_macro   0x0000332b      0x172 C:\Users\sdkar\Documents\MCUXpressoIDE_11.6.0_8187\workspace\lpc_chip_11cxx_lib\Debug\liblpc_chip_11cxx_lib.a(sysctl_11xx.o)
 .debug_macro   0x0000349d      0x148 C:\Users\sdkar\Documents\MCUXpressoIDE_11.6.0_8187\workspace\lpc_chip_11cxx_lib\Debug\liblpc_chip_11cxx_lib.a(sysinit_11xx.o)

.debug_line     0x00000000     0x2c7c
 .debug_line    0x00000000      0xb13 ./src/CAN_Controller.o
 .debug_line    0x00000b13      0x135 ./src/cr_startup_lpc11xx.o
 .debug_line    0x00000c48       0xb1 ./src/crp.o
 .debug_line    0x00000cf9      0x342 ./src/sysinit.o
 .debug_line    0x0000103b      0x60a C:\Users\sdkar\Documents\MCUXpressoIDE_11.6.0_8187\workspace\lpc_chip_11cxx_lib\Debug\liblpc_chip_11cxx_lib.a(adc_11xx.o)
 .debug_line    0x00001645      0x347 C:\Users\sdkar\Documents\MCUXpressoIDE_11.6.0_8187\workspace\lpc_chip_11cxx_lib\Debug\liblpc_chip_11cxx_lib.a(chip_11xx.o)
 .debug_line    0x0000198c      0x564 C:\Users\sdkar\Documents\MCUXpressoIDE_11.6.0_8187\workspace\lpc_chip_11cxx_lib\Debug\liblpc_chip_11cxx_lib.a(clock_11xx.o)
 .debug_line    0x00001ef0      0x5b0 C:\Users\sdkar\Documents\MCUXpressoIDE_11.6.0_8187\workspace\lpc_chip_11cxx_lib\Debug\liblpc_chip_11cxx_lib.a(gpio_11xx_2.o)
 .debug_line    0x000024a0      0x3c8 C:\Users\sdkar\Documents\MCUXpressoIDE_11.6.0_8187\workspace\lpc_chip_11cxx_lib\Debug\liblpc_chip_11cxx_lib.a(sysctl_11xx.o)
 .debug_line    0x00002868      0x414 C:\Users\sdkar\Documents\MCUXpressoIDE_11.6.0_8187\workspace\lpc_chip_11cxx_lib\Debug\liblpc_chip_11cxx_lib.a(sysinit_11xx.o)

.debug_str      0x00000000     0xab7d
 .debug_str     0x00000000     0x9b85 ./src/CAN_Controller.o
                               0x9cf0 (size before relaxing)
 .debug_str     0x00009b85      0x168 ./src/cr_startup_lpc11xx.o
                               0x2deb (size before relaxing)
 .debug_str     0x00009ced       0xe9 ./src/crp.o
                               0x2d56 (size before relaxing)
 .debug_str     0x00009dd6       0x25 ./src/sysinit.o
                               0x8590 (size before relaxing)
 .debug_str     0x00009dfb      0x32d C:\Users\sdkar\Documents\MCUXpressoIDE_11.6.0_8187\workspace\lpc_chip_11cxx_lib\Debug\liblpc_chip_11cxx_lib.a(adc_11xx.o)
                               0x8de3 (size before relaxing)
 .debug_str     0x0000a128       0x29 C:\Users\sdkar\Documents\MCUXpressoIDE_11.6.0_8187\workspace\lpc_chip_11cxx_lib\Debug\liblpc_chip_11cxx_lib.a(chip_11xx.o)
                               0x8550 (size before relaxing)
 .debug_str     0x0000a151      0x555 C:\Users\sdkar\Documents\MCUXpressoIDE_11.6.0_8187\workspace\lpc_chip_11cxx_lib\Debug\liblpc_chip_11cxx_lib.a(clock_11xx.o)
                               0x8d1e (size before relaxing)
 .debug_str     0x0000a6a6      0x207 C:\Users\sdkar\Documents\MCUXpressoIDE_11.6.0_8187\workspace\lpc_chip_11cxx_lib\Debug\liblpc_chip_11cxx_lib.a(gpio_11xx_2.o)
                               0x8bf2 (size before relaxing)
 .debug_str     0x0000a8ad      0x19f C:\Users\sdkar\Documents\MCUXpressoIDE_11.6.0_8187\workspace\lpc_chip_11cxx_lib\Debug\liblpc_chip_11cxx_lib.a(sysctl_11xx.o)
                               0x895e (size before relaxing)
 .debug_str     0x0000aa4c      0x131 C:\Users\sdkar\Documents\MCUXpressoIDE_11.6.0_8187\workspace\lpc_chip_11cxx_lib\Debug\liblpc_chip_11cxx_lib.a(sysinit_11xx.o)
                               0x8bb7 (size before relaxing)

.comment        0x00000000       0x49
 .comment       0x00000000       0x49 ./src/CAN_Controller.o
                                 0x4a (size before relaxing)
 .comment       0x00000049       0x4a ./src/cr_startup_lpc11xx.o
 .comment       0x00000049       0x4a ./src/crp.o
 .comment       0x00000049       0x4a ./src/sysinit.o
 .comment       0x00000049       0x4a C:\Users\sdkar\Documents\MCUXpressoIDE_11.6.0_8187\workspace\lpc_chip_11cxx_lib\Debug\liblpc_chip_11cxx_lib.a(adc_11xx.o)
 .comment       0x00000049       0x4a C:\Users\sdkar\Documents\MCUXpressoIDE_11.6.0_8187\workspace\lpc_chip_11cxx_lib\Debug\liblpc_chip_11cxx_lib.a(chip_11xx.o)
 .comment       0x00000049       0x4a C:\Users\sdkar\Documents\MCUXpressoIDE_11.6.0_8187\workspace\lpc_chip_11cxx_lib\Debug\liblpc_chip_11cxx_lib.a(clock_11xx.o)
 .comment       0x00000049       0x4a C:\Users\sdkar\Documents\MCUXpressoIDE_11.6.0_8187\workspace\lpc_chip_11cxx_lib\Debug\liblpc_chip_11cxx_lib.a(gpio_11xx_2.o)
 .comment       0x00000049       0x4a C:\Users\sdkar\Documents\MCUXpressoIDE_11.6.0_8187\workspace\lpc_chip_11cxx_lib\Debug\liblpc_chip_11cxx_lib.a(sysctl_11xx.o)
 .comment       0x00000049       0x4a C:\Users\sdkar\Documents\MCUXpressoIDE_11.6.0_8187\workspace\lpc_chip_11cxx_lib\Debug\liblpc_chip_11cxx_lib.a(sysinit_11xx.o)
 .comment       0x00000049       0x4a c:/nxp/mcuxpressoide_11.6.0_8187/ide/plugins/com.nxp.mcuxpresso.tools.win32_11.6.0.202112161359/tools/bin/../lib/gcc/arm-none-eabi/10.3.1/../../../../arm-none-eabi/lib/thumb/v6-m/nofp\libcr_c.a(__weak__main.o)

.ARM.attributes
                0x00000000       0x2a
 .ARM.attributes
                0x00000000       0x2c ./src/CAN_Controller.o
 .ARM.attributes
                0x0000002c       0x2c ./src/cr_startup_lpc11xx.o
 .ARM.attributes
                0x00000058       0x2c ./src/crp.o
 .ARM.attributes
                0x00000084       0x2c ./src/sysinit.o
 .ARM.attributes
                0x000000b0       0x2c C:\Users\sdkar\Documents\MCUXpressoIDE_11.6.0_8187\workspace\lpc_chip_11cxx_lib\Debug\liblpc_chip_11cxx_lib.a(adc_11xx.o)
 .ARM.attributes
                0x000000dc       0x2c C:\Users\sdkar\Documents\MCUXpressoIDE_11.6.0_8187\workspace\lpc_chip_11cxx_lib\Debug\liblpc_chip_11cxx_lib.a(chip_11xx.o)
 .ARM.attributes
                0x00000108       0x2c C:\Users\sdkar\Documents\MCUXpressoIDE_11.6.0_8187\workspace\lpc_chip_11cxx_lib\Debug\liblpc_chip_11cxx_lib.a(clock_11xx.o)
 .ARM.attributes
                0x00000134       0x2c C:\Users\sdkar\Documents\MCUXpressoIDE_11.6.0_8187\workspace\lpc_chip_11cxx_lib\Debug\liblpc_chip_11cxx_lib.a(gpio_11xx_2.o)
 .ARM.attributes
                0x00000160       0x2c C:\Users\sdkar\Documents\MCUXpressoIDE_11.6.0_8187\workspace\lpc_chip_11cxx_lib\Debug\liblpc_chip_11cxx_lib.a(sysctl_11xx.o)
 .ARM.attributes
                0x0000018c       0x2c C:\Users\sdkar\Documents\MCUXpressoIDE_11.6.0_8187\workspace\lpc_chip_11cxx_lib\Debug\liblpc_chip_11cxx_lib.a(sysinit_11xx.o)
 .ARM.attributes
                0x000001b8       0x2c c:/nxp/mcuxpressoide_11.6.0_8187/ide/plugins/com.nxp.mcuxpresso.tools.win32_11.6.0.202112161359/tools/bin/../lib/gcc/arm-none-eabi/10.3.1/../../../../arm-none-eabi/lib/thumb/v6-m/nofp\libcr_c.a(__weak__main.o)
 .ARM.attributes
                0x000001e4       0x1c c:/nxp/mcuxpressoide_11.6.0_8187/ide/plugins/com.nxp.mcuxpresso.tools.win32_11.6.0.202112161359/tools/bin/../lib/gcc/arm-none-eabi/10.3.1/thumb/v6-m/nofp\libcr_eabihelpers.a(division_32.o)
 .ARM.attributes
                0x00000200       0x1c c:/nxp/mcuxpressoide_11.6.0_8187/ide/plugins/com.nxp.mcuxpresso.tools.win32_11.6.0.202112161359/tools/bin/../lib/gcc/arm-none-eabi/10.3.1/thumb/v6-m/nofp\libcr_eabihelpers.a(division_idiv0.o)

.debug_frame    0x00000000      0xdec
 .debug_frame   0x00000000      0x4b4 ./src/CAN_Controller.o
 .debug_frame   0x000004b4      0x118 ./src/cr_startup_lpc11xx.o
 .debug_frame   0x000005cc       0x2c ./src/sysinit.o
 .debug_frame   0x000005f8      0x23c C:\Users\sdkar\Documents\MCUXpressoIDE_11.6.0_8187\workspace\lpc_chip_11cxx_lib\Debug\liblpc_chip_11cxx_lib.a(adc_11xx.o)
 .debug_frame   0x00000834       0x2c C:\Users\sdkar\Documents\MCUXpressoIDE_11.6.0_8187\workspace\lpc_chip_11cxx_lib\Debug\liblpc_chip_11cxx_lib.a(chip_11xx.o)
 .debug_frame   0x00000860      0x1c4 C:\Users\sdkar\Documents\MCUXpressoIDE_11.6.0_8187\workspace\lpc_chip_11cxx_lib\Debug\liblpc_chip_11cxx_lib.a(clock_11xx.o)
 .debug_frame   0x00000a24      0x270 C:\Users\sdkar\Documents\MCUXpressoIDE_11.6.0_8187\workspace\lpc_chip_11cxx_lib\Debug\liblpc_chip_11cxx_lib.a(gpio_11xx_2.o)
 .debug_frame   0x00000c94       0x90 C:\Users\sdkar\Documents\MCUXpressoIDE_11.6.0_8187\workspace\lpc_chip_11cxx_lib\Debug\liblpc_chip_11cxx_lib.a(sysctl_11xx.o)
 .debug_frame   0x00000d24       0xc8 C:\Users\sdkar\Documents\MCUXpressoIDE_11.6.0_8187\workspace\lpc_chip_11cxx_lib\Debug\liblpc_chip_11cxx_lib.a(sysinit_11xx.o)

Cross Reference Table

Symbol                                            File
ADC_IRQHandler                                    ./src/cr_startup_lpc11xx.o
Analog_Setup                                      ./src/CAN_Controller.o
BOD_IRQHandler                                    ./src/cr_startup_lpc11xx.o
CAN_IRQHandler                                    ./src/CAN_Controller.o
CAN_error                                         ./src/CAN_Controller.o
CAN_rx                                            ./src/CAN_Controller.o
CAN_tx                                            ./src/CAN_Controller.o
CRP_WORD                                          ./src/crp.o
CanApiClkInitTable                                ./src/CAN_Controller.o
Chip_ADC_DeInit                                   C:\Users\sdkar\Documents\MCUXpressoIDE_11.6.0_8187\workspace\lpc_chip_11cxx_lib\Debug\liblpc_chip_11cxx_lib.a(adc_11xx.o)
Chip_ADC_EnableChannel                            C:\Users\sdkar\Documents\MCUXpressoIDE_11.6.0_8187\workspace\lpc_chip_11cxx_lib\Debug\liblpc_chip_11cxx_lib.a(adc_11xx.o)
                                                  ./src/CAN_Controller.o
Chip_ADC_Init                                     C:\Users\sdkar\Documents\MCUXpressoIDE_11.6.0_8187\workspace\lpc_chip_11cxx_lib\Debug\liblpc_chip_11cxx_lib.a(adc_11xx.o)
                                                  ./src/CAN_Controller.o
Chip_ADC_Int_SetChannelCmd                        C:\Users\sdkar\Documents\MCUXpressoIDE_11.6.0_8187\workspace\lpc_chip_11cxx_lib\Debug\liblpc_chip_11cxx_lib.a(adc_11xx.o)
Chip_ADC_ReadByte                                 C:\Users\sdkar\Documents\MCUXpressoIDE_11.6.0_8187\workspace\lpc_chip_11cxx_lib\Debug\liblpc_chip_11cxx_lib.a(adc_11xx.o)
Chip_ADC_ReadStatus                               C:\Users\sdkar\Documents\MCUXpressoIDE_11.6.0_8187\workspace\lpc_chip_11cxx_lib\Debug\liblpc_chip_11cxx_lib.a(adc_11xx.o)
                                                  ./src/CAN_Controller.o
Chip_ADC_ReadValue                                C:\Users\sdkar\Documents\MCUXpressoIDE_11.6.0_8187\workspace\lpc_chip_11cxx_lib\Debug\liblpc_chip_11cxx_lib.a(adc_11xx.o)
                                                  ./src/CAN_Controller.o
Chip_ADC_SetBurstCmd                              C:\Users\sdkar\Documents\MCUXpressoIDE_11.6.0_8187\workspace\lpc_chip_11cxx_lib\Debug\liblpc_chip_11cxx_lib.a(adc_11xx.o)
                                                  ./src/CAN_Controller.o
Chip_ADC_SetResolution                            C:\Users\sdkar\Documents\MCUXpressoIDE_11.6.0_8187\workspace\lpc_chip_11cxx_lib\Debug\liblpc_chip_11cxx_lib.a(adc_11xx.o)
                                                  ./src/CAN_Controller.o
Chip_ADC_SetSampleRate                            C:\Users\sdkar\Documents\MCUXpressoIDE_11.6.0_8187\workspace\lpc_chip_11cxx_lib\Debug\liblpc_chip_11cxx_lib.a(adc_11xx.o)
                                                  ./src/CAN_Controller.o
Chip_ADC_SetStartMode                             C:\Users\sdkar\Documents\MCUXpressoIDE_11.6.0_8187\workspace\lpc_chip_11cxx_lib\Debug\liblpc_chip_11cxx_lib.a(adc_11xx.o)
                                                  ./src/CAN_Controller.o
Chip_Clock_GetMainClockRate                       C:\Users\sdkar\Documents\MCUXpressoIDE_11.6.0_8187\workspace\lpc_chip_11cxx_lib\Debug\liblpc_chip_11cxx_lib.a(clock_11xx.o)
                                                  ./src/CAN_Controller.o
Chip_Clock_GetSystemClockRate                     C:\Users\sdkar\Documents\MCUXpressoIDE_11.6.0_8187\workspace\lpc_chip_11cxx_lib\Debug\liblpc_chip_11cxx_lib.a(clock_11xx.o)
                                                  C:\Users\sdkar\Documents\MCUXpressoIDE_11.6.0_8187\workspace\lpc_chip_11cxx_lib\Debug\liblpc_chip_11cxx_lib.a(chip_11xx.o)
                                                  C:\Users\sdkar\Documents\MCUXpressoIDE_11.6.0_8187\workspace\lpc_chip_11cxx_lib\Debug\liblpc_chip_11cxx_lib.a(adc_11xx.o)
                                                  ./src/CAN_Controller.o
Chip_Clock_GetSystemPLLInClockRate                C:\Users\sdkar\Documents\MCUXpressoIDE_11.6.0_8187\workspace\lpc_chip_11cxx_lib\Debug\liblpc_chip_11cxx_lib.a(clock_11xx.o)
Chip_Clock_GetSystemPLLOutClockRate               C:\Users\sdkar\Documents\MCUXpressoIDE_11.6.0_8187\workspace\lpc_chip_11cxx_lib\Debug\liblpc_chip_11cxx_lib.a(clock_11xx.o)
Chip_Clock_GetWDTOSCRate                          C:\Users\sdkar\Documents\MCUXpressoIDE_11.6.0_8187\workspace\lpc_chip_11cxx_lib\Debug\liblpc_chip_11cxx_lib.a(clock_11xx.o)
Chip_Clock_SetCLKOUTSource                        C:\Users\sdkar\Documents\MCUXpressoIDE_11.6.0_8187\workspace\lpc_chip_11cxx_lib\Debug\liblpc_chip_11cxx_lib.a(clock_11xx.o)
Chip_Clock_SetMainClockSource                     C:\Users\sdkar\Documents\MCUXpressoIDE_11.6.0_8187\workspace\lpc_chip_11cxx_lib\Debug\liblpc_chip_11cxx_lib.a(clock_11xx.o)
                                                  C:\Users\sdkar\Documents\MCUXpressoIDE_11.6.0_8187\workspace\lpc_chip_11cxx_lib\Debug\liblpc_chip_11cxx_lib.a(sysinit_11xx.o)
Chip_Clock_SetPLLBypass                           C:\Users\sdkar\Documents\MCUXpressoIDE_11.6.0_8187\workspace\lpc_chip_11cxx_lib\Debug\liblpc_chip_11cxx_lib.a(clock_11xx.o)
Chip_Clock_SetSystemPLLSource                     C:\Users\sdkar\Documents\MCUXpressoIDE_11.6.0_8187\workspace\lpc_chip_11cxx_lib\Debug\liblpc_chip_11cxx_lib.a(clock_11xx.o)
                                                  C:\Users\sdkar\Documents\MCUXpressoIDE_11.6.0_8187\workspace\lpc_chip_11cxx_lib\Debug\liblpc_chip_11cxx_lib.a(sysinit_11xx.o)
Chip_Clock_SetWDTClockSource                      C:\Users\sdkar\Documents\MCUXpressoIDE_11.6.0_8187\workspace\lpc_chip_11cxx_lib\Debug\liblpc_chip_11cxx_lib.a(clock_11xx.o)
Chip_GPIO_DeInit                                  C:\Users\sdkar\Documents\MCUXpressoIDE_11.6.0_8187\workspace\lpc_chip_11cxx_lib\Debug\liblpc_chip_11cxx_lib.a(gpio_11xx_2.o)
Chip_GPIO_Init                                    C:\Users\sdkar\Documents\MCUXpressoIDE_11.6.0_8187\workspace\lpc_chip_11cxx_lib\Debug\liblpc_chip_11cxx_lib.a(gpio_11xx_2.o)
                                                  ./src/CAN_Controller.o
Chip_GPIO_SetDir                                  C:\Users\sdkar\Documents\MCUXpressoIDE_11.6.0_8187\workspace\lpc_chip_11cxx_lib\Debug\liblpc_chip_11cxx_lib.a(gpio_11xx_2.o)
Chip_GPIO_SetPinDIR                               C:\Users\sdkar\Documents\MCUXpressoIDE_11.6.0_8187\workspace\lpc_chip_11cxx_lib\Debug\liblpc_chip_11cxx_lib.a(gpio_11xx_2.o)
Chip_GPIO_SetPortDIR                              C:\Users\sdkar\Documents\MCUXpressoIDE_11.6.0_8187\workspace\lpc_chip_11cxx_lib\Debug\liblpc_chip_11cxx_lib.a(gpio_11xx_2.o)
Chip_GPIO_SetupPinInt                             C:\Users\sdkar\Documents\MCUXpressoIDE_11.6.0_8187\workspace\lpc_chip_11cxx_lib\Debug\liblpc_chip_11cxx_lib.a(gpio_11xx_2.o)
Chip_GPIO_WriteDirBit                             C:\Users\sdkar\Documents\MCUXpressoIDE_11.6.0_8187\workspace\lpc_chip_11cxx_lib\Debug\liblpc_chip_11cxx_lib.a(gpio_11xx_2.o)
Chip_SYSCTL_PowerDown                             C:\Users\sdkar\Documents\MCUXpressoIDE_11.6.0_8187\workspace\lpc_chip_11cxx_lib\Debug\liblpc_chip_11cxx_lib.a(sysctl_11xx.o)
                                                  C:\Users\sdkar\Documents\MCUXpressoIDE_11.6.0_8187\workspace\lpc_chip_11cxx_lib\Debug\liblpc_chip_11cxx_lib.a(sysinit_11xx.o)
                                                  C:\Users\sdkar\Documents\MCUXpressoIDE_11.6.0_8187\workspace\lpc_chip_11cxx_lib\Debug\liblpc_chip_11cxx_lib.a(adc_11xx.o)
Chip_SYSCTL_PowerUp                               C:\Users\sdkar\Documents\MCUXpressoIDE_11.6.0_8187\workspace\lpc_chip_11cxx_lib\Debug\liblpc_chip_11cxx_lib.a(sysctl_11xx.o)
                                                  C:\Users\sdkar\Documents\MCUXpressoIDE_11.6.0_8187\workspace\lpc_chip_11cxx_lib\Debug\liblpc_chip_11cxx_lib.a(sysinit_11xx.o)
                                                  C:\Users\sdkar\Documents\MCUXpressoIDE_11.6.0_8187\workspace\lpc_chip_11cxx_lib\Debug\liblpc_chip_11cxx_lib.a(adc_11xx.o)
Chip_SYSCTL_SetDeepSleepPD                        C:\Users\sdkar\Documents\MCUXpressoIDE_11.6.0_8187\workspace\lpc_chip_11cxx_lib\Debug\liblpc_chip_11cxx_lib.a(sysctl_11xx.o)
Chip_SYSCTL_SetWakeup                             C:\Users\sdkar\Documents\MCUXpressoIDE_11.6.0_8187\workspace\lpc_chip_11cxx_lib\Debug\liblpc_chip_11cxx_lib.a(sysctl_11xx.o)
Chip_SystemInit                                   C:\Users\sdkar\Documents\MCUXpressoIDE_11.6.0_8187\workspace\lpc_chip_11cxx_lib\Debug\liblpc_chip_11cxx_lib.a(sysinit_11xx.o)
                                                  ./src/sysinit.o
Chip_TIMER_DeInit                                 C:\Users\sdkar\Documents\MCUXpressoIDE_11.6.0_8187\workspace\lpc_chip_11cxx_lib\Debug\liblpc_chip_11cxx_lib.a(timer_11xx.o)
Chip_TIMER_ExtMatchControlSet                     C:\Users\sdkar\Documents\MCUXpressoIDE_11.6.0_8187\workspace\lpc_chip_11cxx_lib\Debug\liblpc_chip_11cxx_lib.a(timer_11xx.o)
Chip_TIMER_Init                                   C:\Users\sdkar\Documents\MCUXpressoIDE_11.6.0_8187\workspace\lpc_chip_11cxx_lib\Debug\liblpc_chip_11cxx_lib.a(timer_11xx.o)
                                                  ./src/CAN_Controller.o
Chip_TIMER_Reset                                  C:\Users\sdkar\Documents\MCUXpressoIDE_11.6.0_8187\workspace\lpc_chip_11cxx_lib\Debug\liblpc_chip_11cxx_lib.a(timer_11xx.o)
                                                  ./src/CAN_Controller.o
Delay                                             ./src/CAN_Controller.o
ExtRateIn                                         ./src/sysinit.o
HardFault_Handler                                 ./src/cr_startup_lpc11xx.o
I2C_IRQHandler                                    ./src/cr_startup_lpc11xx.o
INP                                               ./src/CAN_Controller.o
INP_send_status                                   ./src/CAN_Controller.o
Init_PWM                                          ./src/CAN_Controller.o
Init_Pinmux                                       ./src/CAN_Controller.o
IntDefaultHandler                                 ./src/cr_startup_lpc11xx.o
NMI_Handler                                       ./src/cr_startup_lpc11xx.o
OscRateIn                                         ./src/sysinit.o
PIOINT0_IRQHandler                                ./src/cr_startup_lpc11xx.o
PIOINT1_IRQHandler                                ./src/cr_startup_lpc11xx.o
PIOINT2_IRQHandler                                ./src/cr_startup_lpc11xx.o
PIOINT3_IRQHandler                                ./src/cr_startup_lpc11xx.o
PendSV_Handler                                    ./src/cr_startup_lpc11xx.o
ResetISR                                          ./src/cr_startup_lpc11xx.o
SSP0_IRQHandler                                   ./src/cr_startup_lpc11xx.o
SSP1_IRQHandler                                   ./src/cr_startup_lpc11xx.o
SVC_Handler                                       ./src/cr_startup_lpc11xx.o
Send_Msg                                          ./src/CAN_Controller.o
SetModePWM                                        ./src/CAN_Controller.o
SysTick_Handler                                   ./src/CAN_Controller.o
SystemCoreClock                                   C:\Users\sdkar\Documents\MCUXpressoIDE_11.6.0_8187\workspace\lpc_chip_11cxx_lib\Debug\liblpc_chip_11cxx_lib.a(chip_11xx.o)
                                                  ./src/CAN_Controller.o
SystemCoreClockUpdate                             C:\Users\sdkar\Documents\MCUXpressoIDE_11.6.0_8187\workspace\lpc_chip_11cxx_lib\Debug\liblpc_chip_11cxx_lib.a(chip_11xx.o)
                                                  ./src/CAN_Controller.o
SystemInit                                        ./src/sysinit.o
                                                  ./src/cr_startup_lpc11xx.o
TIMER16_0_IRQHandler                              ./src/cr_startup_lpc11xx.o
TIMER16_1_IRQHandler                              ./src/cr_startup_lpc11xx.o
TIMER32_0_IRQHandler                              ./src/CAN_Controller.o
TIMER32_1_IRQHandler                              ./src/cr_startup_lpc11xx.o
TIM_Init                                          ./src/CAN_Controller.o
UART_IRQHandler                                   ./src/cr_startup_lpc11xx.o
WAKEUP_IRQHandler                                 ./src/cr_startup_lpc11xx.o
WDT_IRQHandler                                    ./src/cr_startup_lpc11xx.o
__aeabi_idiv                                      c:/nxp/mcuxpressoide_11.6.0_8187/ide/plugins/com.nxp.mcuxpresso.tools.win32_11.6.0.202112161359/tools/bin/../lib/gcc/arm-none-eabi/10.3.1/thumb/v6-m/nofp\libcr_eabihelpers.a(division_32.o)
__aeabi_idiv0                                     c:/nxp/mcuxpressoide_11.6.0_8187/ide/plugins/com.nxp.mcuxpresso.tools.win32_11.6.0.202112161359/tools/bin/../lib/gcc/arm-none-eabi/10.3.1/thumb/v6-m/nofp\libcr_eabihelpers.a(division_idiv0.o)
                                                  c:/nxp/mcuxpressoide_11.6.0_8187/ide/plugins/com.nxp.mcuxpresso.tools.win32_11.6.0.202112161359/tools/bin/../lib/gcc/arm-none-eabi/10.3.1/thumb/v6-m/nofp\libcr_eabihelpers.a(division_32.o)
__aeabi_idivmod                                   c:/nxp/mcuxpressoide_11.6.0_8187/ide/plugins/com.nxp.mcuxpresso.tools.win32_11.6.0.202112161359/tools/bin/../lib/gcc/arm-none-eabi/10.3.1/thumb/v6-m/nofp\libcr_eabihelpers.a(division_32.o)
__aeabi_uidiv                                     c:/nxp/mcuxpressoide_11.6.0_8187/ide/plugins/com.nxp.mcuxpresso.tools.win32_11.6.0.202112161359/tools/bin/../lib/gcc/arm-none-eabi/10.3.1/thumb/v6-m/nofp\libcr_eabihelpers.a(division_32.o)
                                                  C:\Users\sdkar\Documents\MCUXpressoIDE_11.6.0_8187\workspace\lpc_chip_11cxx_lib\Debug\liblpc_chip_11cxx_lib.a(clock_11xx.o)
                                                  C:\Users\sdkar\Documents\MCUXpressoIDE_11.6.0_8187\workspace\lpc_chip_11cxx_lib\Debug\liblpc_chip_11cxx_lib.a(adc_11xx.o)
                                                  ./src/CAN_Controller.o
__aeabi_uidivmod                                  c:/nxp/mcuxpressoide_11.6.0_8187/ide/plugins/com.nxp.mcuxpresso.tools.win32_11.6.0.202112161359/tools/bin/../lib/gcc/arm-none-eabi/10.3.1/thumb/v6-m/nofp\libcr_eabihelpers.a(division_32.o)
__bss_section_table_end                           ./src/cr_startup_lpc11xx.o
__data_section_table                              ./src/cr_startup_lpc11xx.o
__data_section_table_end                          ./src/cr_startup_lpc11xx.o
__main                                            c:/nxp/mcuxpressoide_11.6.0_8187/ide/plugins/com.nxp.mcuxpresso.tools.win32_11.6.0.202112161359/tools/bin/../lib/gcc/arm-none-eabi/10.3.1/../../../../arm-none-eabi/lib/thumb/v6-m/nofp\libcr_c.a(__weak__main.o)
                                                  ./src/cr_startup_lpc11xx.o
__valid_user_code_checksum                        ./src/cr_startup_lpc11xx.o
__weak_main                                       c:/nxp/mcuxpressoide_11.6.0_8187/ide/plugins/com.nxp.mcuxpresso.tools.win32_11.6.0.202112161359/tools/bin/../lib/gcc/arm-none-eabi/10.3.1/../../../../arm-none-eabi/lib/thumb/v6-m/nofp\libcr_c.a(__weak__main.o)
_vStackTop                                        ./src/cr_startup_lpc11xx.o
baudrateCalculate                                 ./src/CAN_Controller.o
bss_init                                          ./src/cr_startup_lpc11xx.o
data_init                                         ./src/cr_startup_lpc11xx.o
g_pfnVectors                                      ./src/cr_startup_lpc11xx.o
getAnalog                                         ./src/CAN_Controller.o
getInput                                          ./src/CAN_Controller.o
getOutp                                           ./src/CAN_Controller.o
inp_value                                         ./src/CAN_Controller.o
ledstatus                                         ./src/CAN_Controller.o
main                                              ./src/CAN_Controller.o
                                                  c:/nxp/mcuxpressoide_11.6.0_8187/ide/plugins/com.nxp.mcuxpresso.tools.win32_11.6.0.202112161359/tools/bin/../lib/gcc/arm-none-eabi/10.3.1/../../../../arm-none-eabi/lib/thumb/v6-m/nofp\libcr_c.a(__weak__main.o)
out_value                                         ./src/CAN_Controller.o
pot                                               ./src/CAN_Controller.o
pot_send_data                                     ./src/CAN_Controller.o
readAdcVal                                        C:\Users\sdkar\Documents\MCUXpressoIDE_11.6.0_8187\workspace\lpc_chip_11cxx_lib\Debug\liblpc_chip_11cxx_lib.a(adc_11xx.o)
received_signal                                   ./src/CAN_Controller.o
send_msg                                          ./src/CAN_Controller.o
setStartMode                                      C:\Users\sdkar\Documents\MCUXpressoIDE_11.6.0_8187\workspace\lpc_chip_11cxx_lib\Debug\liblpc_chip_11cxx_lib.a(adc_11xx.o)
set_up_msg                                        ./src/CAN_Controller.o
systick                                           ./src/CAN_Controller.o
temperature                                       ./src/CAN_Controller.o
