C:\Users\sdkar\Documents\MCUXpressoIDE_11.6.0_8187\workspace\lpc_chip_11cxx_lib\inc/core_cm0.h:500:22:NVIC_EnableIRQ	16	static
C:\Users\sdkar\Documents\MCUXpressoIDE_11.6.0_8187\workspace\lpc_chip_11cxx_lib\inc/core_cm0.h:552:22:NVIC_ClearPendingIRQ	16	static
C:\Users\sdkar\Documents\MCUXpressoIDE_11.6.0_8187\workspace\lpc_chip_11cxx_lib\inc/core_cm0.h:567:22:NVIC_SetPriority	24	static
C:\Users\sdkar\Documents\MCUXpressoIDE_11.6.0_8187\workspace\lpc_chip_11cxx_lib\inc/core_cm0.h:641:26:SysTick_Config	16	static
C:\Users\sdkar\Documents\MCUXpressoIDE_11.6.0_8187\workspace\lpc_chip_11cxx_lib\inc/clock_11xx.h:294:20:Chip_Clock_EnablePeriphClock	16	static
C:\Users\sdkar\Documents\MCUXpressoIDE_11.6.0_8187\workspace\lpc_chip_11cxx_lib\inc/iocon_11xx.h:249:20:Chip_IOCON_PinMuxSet	24	static
C:\Users\sdkar\Documents\MCUXpressoIDE_11.6.0_8187\workspace\lpc_chip_11cxx_lib\inc/iocon_11xx.h:262:20:Chip_IOCON_PinMux	24	static
C:\Users\sdkar\Documents\MCUXpressoIDE_11.6.0_8187\workspace\lpc_chip_11cxx_lib\inc/timer_11xx.h:160:20:Chip_TIMER_Enable	16	static
C:\Users\sdkar\Documents\MCUXpressoIDE_11.6.0_8187\workspace\lpc_chip_11cxx_lib\inc/timer_11xx.h:205:20:Chip_TIMER_PrescaleSet	16	static
C:\Users\sdkar\Documents\MCUXpressoIDE_11.6.0_8187\workspace\lpc_chip_11cxx_lib\inc/timer_11xx.h:218:20:Chip_TIMER_SetMatch	24	static
C:\Users\sdkar\Documents\MCUXpressoIDE_11.6.0_8187\workspace\lpc_chip_11cxx_lib\inc/timer_11xx.h:249:20:Chip_TIMER_MatchEnableInt	16	static
C:\Users\sdkar\Documents\MCUXpressoIDE_11.6.0_8187\workspace\lpc_chip_11cxx_lib\inc/timer_11xx.h:271:20:Chip_TIMER_ResetOnMatchEnable	16	static
C:\Users\sdkar\Documents\MCUXpressoIDE_11.6.0_8187\workspace\lpc_chip_11cxx_lib\inc/gpio_11xx_2.h:128:20:Chip_GPIO_GetPinState	16	static
C:\Users\sdkar\Documents\MCUXpressoIDE_11.6.0_8187\workspace\lpc_chip_11cxx_lib\inc/gpio_11xx_2.h:153:20:Chip_GPIO_SetPinDIROutput	16	static
C:\Users\sdkar\Documents\MCUXpressoIDE_11.6.0_8187\workspace\lpc_chip_11cxx_lib\inc/gpio_11xx_2.h:165:20:Chip_GPIO_SetPinDIRInput	16	static
C:\Users\sdkar\Documents\MCUXpressoIDE_11.6.0_8187\workspace\lpc_chip_11cxx_lib\inc/gpio_11xx_2.h:401:20:Chip_GPIO_SetPinToggle	24	static
C:\Users\sdkar\Documents\MCUXpressoIDE_11.6.0_8187\workspace\CAN_Controller\inc/Can_Controller.h:68:6:TIM_Init	16	static
C:\Users\sdkar\Documents\MCUXpressoIDE_11.6.0_8187\workspace\CAN_Controller\inc/Can_Controller.h:92:6:Delay	24	static
C:\Users\sdkar\Documents\MCUXpressoIDE_11.6.0_8187\workspace\CAN_Controller\inc/Can_Controller.h:108:6:Analog_Setup	8	static
C:\Users\sdkar\Documents\MCUXpressoIDE_11.6.0_8187\workspace\CAN_Controller\inc/Can_Controller.h:116:10:getAnalog	40	static
C:\Users\sdkar\Documents\MCUXpressoIDE_11.6.0_8187\workspace\CAN_Controller\inc/Can_Controller.h:150:6:Init_Pinmux	8	static
C:\Users\sdkar\Documents\MCUXpressoIDE_11.6.0_8187\workspace\CAN_Controller\inc/Can_Controller.h:179:6:getOutp	32	static
C:\Users\sdkar\Documents\MCUXpressoIDE_11.6.0_8187\workspace\CAN_Controller\inc/Can_Controller.h:200:6:getInput	16	static
C:\Users\sdkar\Documents\MCUXpressoIDE_11.6.0_8187\workspace\CAN_Controller\inc/Can_Controller.h:219:6:SetModePWM	8	static
C:\Users\sdkar\Documents\MCUXpressoIDE_11.6.0_8187\workspace\CAN_Controller\inc/Can_Controller.h:224:20:Chip_TIMER_PWMWrite	16	static
C:\Users\sdkar\Documents\MCUXpressoIDE_11.6.0_8187\workspace\CAN_Controller\inc/Can_Controller.h:234:6:Init_PWM	16	static
C:\Users\sdkar\Documents\MCUXpressoIDE_11.6.0_8187\workspace\CAN_Controller\inc/Can_Controller.h:260:6:baudrateCalculate	48	static
C:\Users\sdkar\Documents\MCUXpressoIDE_11.6.0_8187\workspace\CAN_Controller\inc/Can_Controller.h:285:6:Send_Msg	24	static
C:\Users\sdkar\Documents\MCUXpressoIDE_11.6.0_8187\workspace\CAN_Controller\inc/Can_Controller.h:304:6:set_up_msg	8	static
C:\Users\sdkar\Documents\MCUXpressoIDE_11.6.0_8187\workspace\CAN_Controller\inc/Can_Controller.h:326:6:INP_send_status	8	static
C:\Users\sdkar\Documents\MCUXpressoIDE_11.6.0_8187\workspace\CAN_Controller\inc/Can_Controller.h:337:6:pot_send_data	24	static
../src/CAN_Controller.c:13:6:SysTick_Handler	8	static
../src/CAN_Controller.c:20:6:TIMER32_0_IRQHandler	8	static
../src/CAN_Controller.c:27:6:CAN_rx	16	static
../src/CAN_Controller.c:36:6:CAN_tx	16	static
../src/CAN_Controller.c:44:6:CAN_error	16	static
../src/CAN_Controller.c:52:6:CAN_IRQHandler	8	static
../src/CAN_Controller.c:59:5:main	80	static
