Archive member included to satisfy reference by file (symbol)

C:\Users\sdkar\Documents\MCUXpressoIDE_11.6.0_8187\workspace\lpc_chip_11cxx_lib\Release\liblpc_chip_11cxx_lib.a(adc_11xx.o)
                              ./src/CAN_Controller.o (Chip_ADC_Init)
C:\Users\sdkar\Documents\MCUXpressoIDE_11.6.0_8187\workspace\lpc_chip_11cxx_lib\Release\liblpc_chip_11cxx_lib.a(chip_11xx.o)
                              ./src/CAN_Controller.o (SystemCoreClockUpdate)
C:\Users\sdkar\Documents\MCUXpressoIDE_11.6.0_8187\workspace\lpc_chip_11cxx_lib\Release\liblpc_chip_11cxx_lib.a(clock_11xx.o)
                              ./src/CAN_Controller.o (Chip_Clock_GetMainClockRate)
C:\Users\sdkar\Documents\MCUXpressoIDE_11.6.0_8187\workspace\lpc_chip_11cxx_lib\Release\liblpc_chip_11cxx_lib.a(gpio_11xx_2.o)
                              ./src/CAN_Controller.o (Chip_GPIO_Init)
C:\Users\sdkar\Documents\MCUXpressoIDE_11.6.0_8187\workspace\lpc_chip_11cxx_lib\Release\liblpc_chip_11cxx_lib.a(sysctl_11xx.o)
                              C:\Users\sdkar\Documents\MCUXpressoIDE_11.6.0_8187\workspace\lpc_chip_11cxx_lib\Release\liblpc_chip_11cxx_lib.a(adc_11xx.o) (Chip_SYSCTL_PowerDown)
C:\Users\sdkar\Documents\MCUXpressoIDE_11.6.0_8187\workspace\lpc_chip_11cxx_lib\Release\liblpc_chip_11cxx_lib.a(sysinit_11xx.o)
                              ./src/sysinit.o (Chip_SystemInit)
C:\Users\sdkar\Documents\MCUXpressoIDE_11.6.0_8187\workspace\lpc_chip_11cxx_lib\Release\liblpc_chip_11cxx_lib.a(timer_11xx.o)
                              ./src/CAN_Controller.o (Chip_TIMER_Init)
c:/nxp/mcuxpressoide_11.6.0_8187/ide/plugins/com.nxp.mcuxpresso.tools.win32_11.6.0.202112161359/tools/bin/../lib/gcc/arm-none-eabi/10.3.1/../../../../arm-none-eabi/lib/thumb/v6-m/nofp\libcr_c.a(__weak__main.o)
                              ./src/cr_startup_lpc11xx.o (__main)
c:/nxp/mcuxpressoide_11.6.0_8187/ide/plugins/com.nxp.mcuxpresso.tools.win32_11.6.0.202112161359/tools/bin/../lib/gcc/arm-none-eabi/10.3.1/thumb/v6-m/nofp\libcr_eabihelpers.a(division_32.o)
                              ./src/CAN_Controller.o (__aeabi_uidiv)
c:/nxp/mcuxpressoide_11.6.0_8187/ide/plugins/com.nxp.mcuxpresso.tools.win32_11.6.0.202112161359/tools/bin/../lib/gcc/arm-none-eabi/10.3.1/thumb/v6-m/nofp\libcr_eabihelpers.a(division_idiv0.o)
                              c:/nxp/mcuxpressoide_11.6.0_8187/ide/plugins/com.nxp.mcuxpresso.tools.win32_11.6.0.202112161359/tools/bin/../lib/gcc/arm-none-eabi/10.3.1/thumb/v6-m/nofp\libcr_eabihelpers.a(division_32.o) (__aeabi_idiv0)
c:/nxp/mcuxpressoide_11.6.0_8187/ide/plugins/com.nxp.mcuxpresso.tools.win32_11.6.0.202112161359/tools/bin/../lib/gcc/arm-none-eabi/10.3.1/thumb/v6-m/nofp\libcr_eabihelpers.a(thumb1_switch_helpers.o)
                              ./src/CAN_Controller.o (__gnu_thumb1_case_uqi)

Allocating common symbols
Common symbol       size              file

SystemCoreClock     0x4               C:\Users\sdkar\Documents\MCUXpressoIDE_11.6.0_8187\workspace\lpc_chip_11cxx_lib\Release\liblpc_chip_11cxx_lib.a(chip_11xx.o)

Discarded input sections

 .text          0x00000000        0x0 ./src/CAN_Controller.o
 .data          0x00000000        0x0 ./src/CAN_Controller.o
 .bss           0x00000000        0x0 ./src/CAN_Controller.o
 .text.TIM_Init
                0x00000000       0x8c ./src/CAN_Controller.o
 .text.Delay    0x00000000       0x48 ./src/CAN_Controller.o
 .text.getOutp  0x00000000       0x40 ./src/CAN_Controller.o
 .text.getInput
                0x00000000       0x24 ./src/CAN_Controller.o
 .text.SetModePWM
                0x00000000        0xc ./src/CAN_Controller.o
 .text.Init_PWM
                0x00000000       0x48 ./src/CAN_Controller.o
 .text          0x00000000        0x0 ./src/cr_startup_lpc11xx.o
 .data          0x00000000        0x0 ./src/cr_startup_lpc11xx.o
 .bss           0x00000000        0x0 ./src/cr_startup_lpc11xx.o
 .text          0x00000000        0x0 ./src/crp.o
 .data          0x00000000        0x0 ./src/crp.o
 .bss           0x00000000        0x0 ./src/crp.o
 .text          0x00000000        0x0 ./src/sysinit.o
 .data          0x00000000        0x0 ./src/sysinit.o
 .bss           0x00000000        0x0 ./src/sysinit.o
 .rodata.ExtRateIn
                0x00000000        0x4 ./src/sysinit.o
 .text          0x00000000        0x0 C:\Users\sdkar\Documents\MCUXpressoIDE_11.6.0_8187\workspace\lpc_chip_11cxx_lib\Release\liblpc_chip_11cxx_lib.a(adc_11xx.o)
 .data          0x00000000        0x0 C:\Users\sdkar\Documents\MCUXpressoIDE_11.6.0_8187\workspace\lpc_chip_11cxx_lib\Release\liblpc_chip_11cxx_lib.a(adc_11xx.o)
 .bss           0x00000000        0x0 C:\Users\sdkar\Documents\MCUXpressoIDE_11.6.0_8187\workspace\lpc_chip_11cxx_lib\Release\liblpc_chip_11cxx_lib.a(adc_11xx.o)
 .text.readAdcVal
                0x00000000       0x16 C:\Users\sdkar\Documents\MCUXpressoIDE_11.6.0_8187\workspace\lpc_chip_11cxx_lib\Release\liblpc_chip_11cxx_lib.a(adc_11xx.o)
 .text.Chip_ADC_DeInit
                0x00000000       0x28 C:\Users\sdkar\Documents\MCUXpressoIDE_11.6.0_8187\workspace\lpc_chip_11cxx_lib\Release\liblpc_chip_11cxx_lib.a(adc_11xx.o)
 .text.Chip_ADC_Int_SetChannelCmd
                0x00000000       0x18 C:\Users\sdkar\Documents\MCUXpressoIDE_11.6.0_8187\workspace\lpc_chip_11cxx_lib\Release\liblpc_chip_11cxx_lib.a(adc_11xx.o)
 .text.Chip_ADC_ReadByte
                0x00000000       0x1a C:\Users\sdkar\Documents\MCUXpressoIDE_11.6.0_8187\workspace\lpc_chip_11cxx_lib\Release\liblpc_chip_11cxx_lib.a(adc_11xx.o)
 .text          0x00000000        0x0 C:\Users\sdkar\Documents\MCUXpressoIDE_11.6.0_8187\workspace\lpc_chip_11cxx_lib\Release\liblpc_chip_11cxx_lib.a(chip_11xx.o)
 .data          0x00000000        0x0 C:\Users\sdkar\Documents\MCUXpressoIDE_11.6.0_8187\workspace\lpc_chip_11cxx_lib\Release\liblpc_chip_11cxx_lib.a(chip_11xx.o)
 .bss           0x00000000        0x0 C:\Users\sdkar\Documents\MCUXpressoIDE_11.6.0_8187\workspace\lpc_chip_11cxx_lib\Release\liblpc_chip_11cxx_lib.a(chip_11xx.o)
 .text          0x00000000        0x0 C:\Users\sdkar\Documents\MCUXpressoIDE_11.6.0_8187\workspace\lpc_chip_11cxx_lib\Release\liblpc_chip_11cxx_lib.a(clock_11xx.o)
 .data          0x00000000        0x0 C:\Users\sdkar\Documents\MCUXpressoIDE_11.6.0_8187\workspace\lpc_chip_11cxx_lib\Release\liblpc_chip_11cxx_lib.a(clock_11xx.o)
 .bss           0x00000000        0x0 C:\Users\sdkar\Documents\MCUXpressoIDE_11.6.0_8187\workspace\lpc_chip_11cxx_lib\Release\liblpc_chip_11cxx_lib.a(clock_11xx.o)
 .text.Chip_Clock_SetPLLBypass
                0x00000000       0x14 C:\Users\sdkar\Documents\MCUXpressoIDE_11.6.0_8187\workspace\lpc_chip_11cxx_lib\Release\liblpc_chip_11cxx_lib.a(clock_11xx.o)
 .text.Chip_Clock_SetWDTClockSource
                0x00000000       0x1c C:\Users\sdkar\Documents\MCUXpressoIDE_11.6.0_8187\workspace\lpc_chip_11cxx_lib\Release\liblpc_chip_11cxx_lib.a(clock_11xx.o)
 .text.Chip_Clock_SetCLKOUTSource
                0x00000000       0x1c C:\Users\sdkar\Documents\MCUXpressoIDE_11.6.0_8187\workspace\lpc_chip_11cxx_lib\Release\liblpc_chip_11cxx_lib.a(clock_11xx.o)
 .text          0x00000000        0x0 C:\Users\sdkar\Documents\MCUXpressoIDE_11.6.0_8187\workspace\lpc_chip_11cxx_lib\Release\liblpc_chip_11cxx_lib.a(gpio_11xx_2.o)
 .data          0x00000000        0x0 C:\Users\sdkar\Documents\MCUXpressoIDE_11.6.0_8187\workspace\lpc_chip_11cxx_lib\Release\liblpc_chip_11cxx_lib.a(gpio_11xx_2.o)
 .bss           0x00000000        0x0 C:\Users\sdkar\Documents\MCUXpressoIDE_11.6.0_8187\workspace\lpc_chip_11cxx_lib\Release\liblpc_chip_11cxx_lib.a(gpio_11xx_2.o)
 .text.Chip_GPIO_DeInit
                0x00000000       0x10 C:\Users\sdkar\Documents\MCUXpressoIDE_11.6.0_8187\workspace\lpc_chip_11cxx_lib\Release\liblpc_chip_11cxx_lib.a(gpio_11xx_2.o)
 .text.Chip_GPIO_WriteDirBit
                0x00000000       0x20 C:\Users\sdkar\Documents\MCUXpressoIDE_11.6.0_8187\workspace\lpc_chip_11cxx_lib\Release\liblpc_chip_11cxx_lib.a(gpio_11xx_2.o)
 .text.Chip_GPIO_SetDir
                0x00000000       0x1c C:\Users\sdkar\Documents\MCUXpressoIDE_11.6.0_8187\workspace\lpc_chip_11cxx_lib\Release\liblpc_chip_11cxx_lib.a(gpio_11xx_2.o)
 .text.Chip_GPIO_SetPinDIR
                0x00000000       0x20 C:\Users\sdkar\Documents\MCUXpressoIDE_11.6.0_8187\workspace\lpc_chip_11cxx_lib\Release\liblpc_chip_11cxx_lib.a(gpio_11xx_2.o)
 .text.Chip_GPIO_SetPortDIR
                0x00000000       0x1c C:\Users\sdkar\Documents\MCUXpressoIDE_11.6.0_8187\workspace\lpc_chip_11cxx_lib\Release\liblpc_chip_11cxx_lib.a(gpio_11xx_2.o)
 .text.Chip_GPIO_SetupPinInt
                0x00000000       0x50 C:\Users\sdkar\Documents\MCUXpressoIDE_11.6.0_8187\workspace\lpc_chip_11cxx_lib\Release\liblpc_chip_11cxx_lib.a(gpio_11xx_2.o)
 .text          0x00000000        0x0 C:\Users\sdkar\Documents\MCUXpressoIDE_11.6.0_8187\workspace\lpc_chip_11cxx_lib\Release\liblpc_chip_11cxx_lib.a(sysctl_11xx.o)
 .data          0x00000000        0x0 C:\Users\sdkar\Documents\MCUXpressoIDE_11.6.0_8187\workspace\lpc_chip_11cxx_lib\Release\liblpc_chip_11cxx_lib.a(sysctl_11xx.o)
 .bss           0x00000000        0x0 C:\Users\sdkar\Documents\MCUXpressoIDE_11.6.0_8187\workspace\lpc_chip_11cxx_lib\Release\liblpc_chip_11cxx_lib.a(sysctl_11xx.o)
 .text.Chip_SYSCTL_SetDeepSleepPD
                0x00000000       0x18 C:\Users\sdkar\Documents\MCUXpressoIDE_11.6.0_8187\workspace\lpc_chip_11cxx_lib\Release\liblpc_chip_11cxx_lib.a(sysctl_11xx.o)
 .text.Chip_SYSCTL_SetWakeup
                0x00000000       0x18 C:\Users\sdkar\Documents\MCUXpressoIDE_11.6.0_8187\workspace\lpc_chip_11cxx_lib\Release\liblpc_chip_11cxx_lib.a(sysctl_11xx.o)
 .text          0x00000000        0x0 C:\Users\sdkar\Documents\MCUXpressoIDE_11.6.0_8187\workspace\lpc_chip_11cxx_lib\Release\liblpc_chip_11cxx_lib.a(sysinit_11xx.o)
 .data          0x00000000        0x0 C:\Users\sdkar\Documents\MCUXpressoIDE_11.6.0_8187\workspace\lpc_chip_11cxx_lib\Release\liblpc_chip_11cxx_lib.a(sysinit_11xx.o)
 .bss           0x00000000        0x0 C:\Users\sdkar\Documents\MCUXpressoIDE_11.6.0_8187\workspace\lpc_chip_11cxx_lib\Release\liblpc_chip_11cxx_lib.a(sysinit_11xx.o)
 .text          0x00000000        0x0 C:\Users\sdkar\Documents\MCUXpressoIDE_11.6.0_8187\workspace\lpc_chip_11cxx_lib\Release\liblpc_chip_11cxx_lib.a(timer_11xx.o)
 .data          0x00000000        0x0 C:\Users\sdkar\Documents\MCUXpressoIDE_11.6.0_8187\workspace\lpc_chip_11cxx_lib\Release\liblpc_chip_11cxx_lib.a(timer_11xx.o)
 .bss           0x00000000        0x0 C:\Users\sdkar\Documents\MCUXpressoIDE_11.6.0_8187\workspace\lpc_chip_11cxx_lib\Release\liblpc_chip_11cxx_lib.a(timer_11xx.o)
 .text.Chip_TIMER_Init
                0x00000000       0x3c C:\Users\sdkar\Documents\MCUXpressoIDE_11.6.0_8187\workspace\lpc_chip_11cxx_lib\Release\liblpc_chip_11cxx_lib.a(timer_11xx.o)
 .text.Chip_TIMER_DeInit
                0x00000000       0x3c C:\Users\sdkar\Documents\MCUXpressoIDE_11.6.0_8187\workspace\lpc_chip_11cxx_lib\Release\liblpc_chip_11cxx_lib.a(timer_11xx.o)
 .text.Chip_TIMER_Reset
                0x00000000       0x18 C:\Users\sdkar\Documents\MCUXpressoIDE_11.6.0_8187\workspace\lpc_chip_11cxx_lib\Release\liblpc_chip_11cxx_lib.a(timer_11xx.o)
 .text.Chip_TIMER_ExtMatchControlSet
                0x00000000       0x22 C:\Users\sdkar\Documents\MCUXpressoIDE_11.6.0_8187\workspace\lpc_chip_11cxx_lib\Release\liblpc_chip_11cxx_lib.a(timer_11xx.o)
 .debug_info    0x00000000      0x93c C:\Users\sdkar\Documents\MCUXpressoIDE_11.6.0_8187\workspace\lpc_chip_11cxx_lib\Release\liblpc_chip_11cxx_lib.a(timer_11xx.o)
 .debug_abbrev  0x00000000      0x23a C:\Users\sdkar\Documents\MCUXpressoIDE_11.6.0_8187\workspace\lpc_chip_11cxx_lib\Release\liblpc_chip_11cxx_lib.a(timer_11xx.o)
 .debug_loc     0x00000000      0x201 C:\Users\sdkar\Documents\MCUXpressoIDE_11.6.0_8187\workspace\lpc_chip_11cxx_lib\Release\liblpc_chip_11cxx_lib.a(timer_11xx.o)
 .debug_aranges
                0x00000000       0x38 C:\Users\sdkar\Documents\MCUXpressoIDE_11.6.0_8187\workspace\lpc_chip_11cxx_lib\Release\liblpc_chip_11cxx_lib.a(timer_11xx.o)
 .debug_ranges  0x00000000       0x58 C:\Users\sdkar\Documents\MCUXpressoIDE_11.6.0_8187\workspace\lpc_chip_11cxx_lib\Release\liblpc_chip_11cxx_lib.a(timer_11xx.o)
 .debug_line    0x00000000      0x357 C:\Users\sdkar\Documents\MCUXpressoIDE_11.6.0_8187\workspace\lpc_chip_11cxx_lib\Release\liblpc_chip_11cxx_lib.a(timer_11xx.o)
 .debug_str     0x00000000      0x7d9 C:\Users\sdkar\Documents\MCUXpressoIDE_11.6.0_8187\workspace\lpc_chip_11cxx_lib\Release\liblpc_chip_11cxx_lib.a(timer_11xx.o)
 .comment       0x00000000       0x7a C:\Users\sdkar\Documents\MCUXpressoIDE_11.6.0_8187\workspace\lpc_chip_11cxx_lib\Release\liblpc_chip_11cxx_lib.a(timer_11xx.o)
 .debug_frame   0x00000000       0x60 C:\Users\sdkar\Documents\MCUXpressoIDE_11.6.0_8187\workspace\lpc_chip_11cxx_lib\Release\liblpc_chip_11cxx_lib.a(timer_11xx.o)
 .ARM.attributes
                0x00000000       0x2c C:\Users\sdkar\Documents\MCUXpressoIDE_11.6.0_8187\workspace\lpc_chip_11cxx_lib\Release\liblpc_chip_11cxx_lib.a(timer_11xx.o)
 .text          0x00000000        0x0 c:/nxp/mcuxpressoide_11.6.0_8187/ide/plugins/com.nxp.mcuxpresso.tools.win32_11.6.0.202112161359/tools/bin/../lib/gcc/arm-none-eabi/10.3.1/../../../../arm-none-eabi/lib/thumb/v6-m/nofp\libcr_c.a(__weak__main.o)
 .data          0x00000000        0x0 c:/nxp/mcuxpressoide_11.6.0_8187/ide/plugins/com.nxp.mcuxpresso.tools.win32_11.6.0.202112161359/tools/bin/../lib/gcc/arm-none-eabi/10.3.1/../../../../arm-none-eabi/lib/thumb/v6-m/nofp\libcr_c.a(__weak__main.o)
 .bss           0x00000000        0x0 c:/nxp/mcuxpressoide_11.6.0_8187/ide/plugins/com.nxp.mcuxpresso.tools.win32_11.6.0.202112161359/tools/bin/../lib/gcc/arm-none-eabi/10.3.1/../../../../arm-none-eabi/lib/thumb/v6-m/nofp\libcr_c.a(__weak__main.o)
 .text          0x00000000        0x0 c:/nxp/mcuxpressoide_11.6.0_8187/ide/plugins/com.nxp.mcuxpresso.tools.win32_11.6.0.202112161359/tools/bin/../lib/gcc/arm-none-eabi/10.3.1/thumb/v6-m/nofp\libcr_eabihelpers.a(division_32.o)
 .data          0x00000000        0x0 c:/nxp/mcuxpressoide_11.6.0_8187/ide/plugins/com.nxp.mcuxpresso.tools.win32_11.6.0.202112161359/tools/bin/../lib/gcc/arm-none-eabi/10.3.1/thumb/v6-m/nofp\libcr_eabihelpers.a(division_32.o)
 .bss           0x00000000        0x0 c:/nxp/mcuxpressoide_11.6.0_8187/ide/plugins/com.nxp.mcuxpresso.tools.win32_11.6.0.202112161359/tools/bin/../lib/gcc/arm-none-eabi/10.3.1/thumb/v6-m/nofp\libcr_eabihelpers.a(division_32.o)
 .text          0x00000000        0x0 c:/nxp/mcuxpressoide_11.6.0_8187/ide/plugins/com.nxp.mcuxpresso.tools.win32_11.6.0.202112161359/tools/bin/../lib/gcc/arm-none-eabi/10.3.1/thumb/v6-m/nofp\libcr_eabihelpers.a(division_idiv0.o)
 .data          0x00000000        0x0 c:/nxp/mcuxpressoide_11.6.0_8187/ide/plugins/com.nxp.mcuxpresso.tools.win32_11.6.0.202112161359/tools/bin/../lib/gcc/arm-none-eabi/10.3.1/thumb/v6-m/nofp\libcr_eabihelpers.a(division_idiv0.o)
 .bss           0x00000000        0x0 c:/nxp/mcuxpressoide_11.6.0_8187/ide/plugins/com.nxp.mcuxpresso.tools.win32_11.6.0.202112161359/tools/bin/../lib/gcc/arm-none-eabi/10.3.1/thumb/v6-m/nofp\libcr_eabihelpers.a(division_idiv0.o)
 .text          0x00000000        0x0 c:/nxp/mcuxpressoide_11.6.0_8187/ide/plugins/com.nxp.mcuxpresso.tools.win32_11.6.0.202112161359/tools/bin/../lib/gcc/arm-none-eabi/10.3.1/thumb/v6-m/nofp\libcr_eabihelpers.a(thumb1_switch_helpers.o)
 .data          0x00000000        0x0 c:/nxp/mcuxpressoide_11.6.0_8187/ide/plugins/com.nxp.mcuxpresso.tools.win32_11.6.0.202112161359/tools/bin/../lib/gcc/arm-none-eabi/10.3.1/thumb/v6-m/nofp\libcr_eabihelpers.a(thumb1_switch_helpers.o)
 .bss           0x00000000        0x0 c:/nxp/mcuxpressoide_11.6.0_8187/ide/plugins/com.nxp.mcuxpresso.tools.win32_11.6.0.202112161359/tools/bin/../lib/gcc/arm-none-eabi/10.3.1/thumb/v6-m/nofp\libcr_eabihelpers.a(thumb1_switch_helpers.o)
 .text.__gnu_thumb1_case_sqi
                0x00000000       0x10 c:/nxp/mcuxpressoide_11.6.0_8187/ide/plugins/com.nxp.mcuxpresso.tools.win32_11.6.0.202112161359/tools/bin/../lib/gcc/arm-none-eabi/10.3.1/thumb/v6-m/nofp\libcr_eabihelpers.a(thumb1_switch_helpers.o)
 .text.__gnu_thumb1_case_uqi
                0x00000000       0x10 c:/nxp/mcuxpressoide_11.6.0_8187/ide/plugins/com.nxp.mcuxpresso.tools.win32_11.6.0.202112161359/tools/bin/../lib/gcc/arm-none-eabi/10.3.1/thumb/v6-m/nofp\libcr_eabihelpers.a(thumb1_switch_helpers.o)
 .text.__gnu_thumb1_case_shi
                0x00000000       0x10 c:/nxp/mcuxpressoide_11.6.0_8187/ide/plugins/com.nxp.mcuxpresso.tools.win32_11.6.0.202112161359/tools/bin/../lib/gcc/arm-none-eabi/10.3.1/thumb/v6-m/nofp\libcr_eabihelpers.a(thumb1_switch_helpers.o)
 .text.__gnu_thumb1_case_uhi
                0x00000000       0x10 c:/nxp/mcuxpressoide_11.6.0_8187/ide/plugins/com.nxp.mcuxpresso.tools.win32_11.6.0.202112161359/tools/bin/../lib/gcc/arm-none-eabi/10.3.1/thumb/v6-m/nofp\libcr_eabihelpers.a(thumb1_switch_helpers.o)
 .text.__gnu_thumb1_case_si
                0x00000000       0x18 c:/nxp/mcuxpressoide_11.6.0_8187/ide/plugins/com.nxp.mcuxpresso.tools.win32_11.6.0.202112161359/tools/bin/../lib/gcc/arm-none-eabi/10.3.1/thumb/v6-m/nofp\libcr_eabihelpers.a(thumb1_switch_helpers.o)
 .ARM.attributes
                0x00000000       0x1c c:/nxp/mcuxpressoide_11.6.0_8187/ide/plugins/com.nxp.mcuxpresso.tools.win32_11.6.0.202112161359/tools/bin/../lib/gcc/arm-none-eabi/10.3.1/thumb/v6-m/nofp\libcr_eabihelpers.a(thumb1_switch_helpers.o)

Memory Configuration

Name             Origin             Length             Attributes
MFlash32         0x00000000         0x00008000         xr
RamLoc8          0x10000000         0x00002000         xrw
*default*        0x00000000         0xffffffff

Linker script and memory map

LOAD ./src/CAN_Controller.o
LOAD ./src/cr_startup_lpc11xx.o
LOAD ./src/crp.o
LOAD ./src/sysinit.o
LOAD C:\Users\sdkar\Documents\MCUXpressoIDE_11.6.0_8187\workspace\lpc_chip_11cxx_lib\Release\liblpc_chip_11cxx_lib.a
START GROUP
LOAD c:/nxp/mcuxpressoide_11.6.0_8187/ide/plugins/com.nxp.mcuxpresso.tools.win32_11.6.0.202112161359/tools/bin/../lib/gcc/arm-none-eabi/10.3.1/../../../../arm-none-eabi/lib/thumb/v6-m/nofp\libcr_c.a
LOAD c:/nxp/mcuxpressoide_11.6.0_8187/ide/plugins/com.nxp.mcuxpresso.tools.win32_11.6.0.202112161359/tools/bin/../lib/gcc/arm-none-eabi/10.3.1/thumb/v6-m/nofp\libcr_eabihelpers.a
LOAD c:/nxp/mcuxpressoide_11.6.0_8187/ide/plugins/com.nxp.mcuxpresso.tools.win32_11.6.0.202112161359/tools/bin/../lib/gcc/arm-none-eabi/10.3.1/thumb/v6-m/nofp\libgcc.a
END GROUP
                0x00000000                __base_MFlash32 = 0x0
                0x00000000                __base_Flash = 0x0
                0x00008000                __top_MFlash32 = 0x8000
                0x00008000                __top_Flash = 0x8000
                0x10000000                __base_RamLoc8 = 0x10000000
                0x10000000                __base_RAM = 0x10000000
                0x10002000                __top_RamLoc8 = 0x10002000
                0x10002000                __top_RAM = 0x10002000

.text           0x00000000      0xbac
 FILL mask 0xff
                0x00000000                __vectors_start__ = ABSOLUTE (.)
 *(.isr_vector)
 .isr_vector    0x00000000       0xc0 ./src/cr_startup_lpc11xx.o
                0x00000000                g_pfnVectors
                0x000000c0                . = ALIGN (0x4)
                0x000000c0                __section_table_start = .
                0x000000c0                __data_section_table = .
                0x000000c0        0x4 LONG 0xbac LOADADDR (.data)
                0x000000c4        0x4 LONG 0x10000000 ADDR (.data)
                0x000000c8        0x4 LONG 0x0 SIZEOF (.data)
                0x000000cc                __data_section_table_end = .
                0x000000cc                __bss_section_table = .
                0x000000cc        0x4 LONG 0x10000000 ADDR (.bss)
                0x000000d0        0x4 LONG 0x98 SIZEOF (.bss)
                0x000000d4                __bss_section_table_end = .
                0x000000d4                __section_table_end = .
 *(.after_vectors*)
 .after_vectors
                0x000000d4       0x78 ./src/cr_startup_lpc11xx.o
                0x000000d4                NMI_Handler
                0x000000d6                HardFault_Handler
                0x000000d8                SVC_Handler
                0x000000da                PendSV_Handler
                0x000000de                UART_IRQHandler
                0x000000de                TIMER16_0_IRQHandler
                0x000000de                TIMER32_1_IRQHandler
                0x000000de                IntDefaultHandler
                0x000000de                PIOINT1_IRQHandler
                0x000000de                SSP0_IRQHandler
                0x000000de                WDT_IRQHandler
                0x000000de                TIMER16_1_IRQHandler
                0x000000de                ADC_IRQHandler
                0x000000de                SSP1_IRQHandler
                0x000000de                PIOINT2_IRQHandler
                0x000000de                BOD_IRQHandler
                0x000000de                WAKEUP_IRQHandler
                0x000000de                PIOINT0_IRQHandler
                0x000000de                I2C_IRQHandler
                0x000000de                PIOINT3_IRQHandler
                0x000000e0                data_init
                0x000000f6                bss_init
                0x0000010a                ResetISR
                0x000002fc                . = 0x2fc
 *fill*         0x0000014c      0x1b0 ff
                0x000002fc                PROVIDE (__CRP_WORD_START__ = .)
 *(.crp)
 .crp           0x000002fc        0x4 ./src/crp.o
                0x000002fc                CRP_WORD
                0x00000300                PROVIDE (__CRP_WORD_END__ = .)
                0x00000001                ASSERT (! ((__CRP_WORD_START__ == __CRP_WORD_END__)), Linker CRP Enabled, but no CRP_WORD provided within application)
 *(.text*)
 .text.CAN_rx   0x00000300       0x30 ./src/CAN_Controller.o
                0x00000300                CAN_rx
 .text.CAN_tx   0x00000330       0x10 ./src/CAN_Controller.o
                0x00000330                CAN_tx
 .text.CAN_error
                0x00000340        0x2 ./src/CAN_Controller.o
                0x00000340                CAN_error
 *fill*         0x00000342        0x2 ff
 .text.Analog_Setup
                0x00000344       0x38 ./src/CAN_Controller.o
                0x00000344                Analog_Setup
 .text.getAnalog
                0x0000037c       0x5c ./src/CAN_Controller.o
                0x0000037c                getAnalog
 .text.Init_Pinmux
                0x000003d8       0x88 ./src/CAN_Controller.o
                0x000003d8                Init_Pinmux
 .text.baudrateCalculate
                0x00000460       0x78 ./src/CAN_Controller.o
                0x00000460                baudrateCalculate
 .text.Send_Msg
                0x000004d8       0x60 ./src/CAN_Controller.o
                0x000004d8                Send_Msg
 .text.set_up_msg
                0x00000538       0x80 ./src/CAN_Controller.o
                0x00000538                set_up_msg
 .text.INP_send_status
                0x000005b8       0x34 ./src/CAN_Controller.o
                0x000005b8                INP_send_status
 .text.pot_send_data
                0x000005ec       0x28 ./src/CAN_Controller.o
                0x000005ec                pot_send_data
 .text.SysTick_Handler
                0x00000614       0x34 ./src/CAN_Controller.o
                0x00000614                SysTick_Handler
 .text.TIMER32_0_IRQHandler
                0x00000648       0x18 ./src/CAN_Controller.o
                0x00000648                TIMER32_0_IRQHandler
 .text.CAN_IRQHandler
                0x00000660       0x14 ./src/CAN_Controller.o
                0x00000660                CAN_IRQHandler
 .text.startup.main
                0x00000674      0x120 ./src/CAN_Controller.o
                0x00000674                main
 .text.SystemInit
                0x00000794        0x8 ./src/sysinit.o
                0x00000794                SystemInit
 .text.setStartMode
                0x0000079c       0x14 C:\Users\sdkar\Documents\MCUXpressoIDE_11.6.0_8187\workspace\lpc_chip_11cxx_lib\Release\liblpc_chip_11cxx_lib.a(adc_11xx.o)
                0x0000079c                setStartMode
 .text.Chip_ADC_Init
                0x000007b0       0x60 C:\Users\sdkar\Documents\MCUXpressoIDE_11.6.0_8187\workspace\lpc_chip_11cxx_lib\Release\liblpc_chip_11cxx_lib.a(adc_11xx.o)
                0x000007b0                Chip_ADC_Init
 .text.Chip_ADC_ReadValue
                0x00000810       0x16 C:\Users\sdkar\Documents\MCUXpressoIDE_11.6.0_8187\workspace\lpc_chip_11cxx_lib\Release\liblpc_chip_11cxx_lib.a(adc_11xx.o)
                0x00000810                Chip_ADC_ReadValue
 .text.Chip_ADC_ReadStatus
                0x00000826       0x32 C:\Users\sdkar\Documents\MCUXpressoIDE_11.6.0_8187\workspace\lpc_chip_11cxx_lib\Release\liblpc_chip_11cxx_lib.a(adc_11xx.o)
                0x00000826                Chip_ADC_ReadStatus
 .text.Chip_ADC_SetStartMode
                0x00000858       0x28 C:\Users\sdkar\Documents\MCUXpressoIDE_11.6.0_8187\workspace\lpc_chip_11cxx_lib\Release\liblpc_chip_11cxx_lib.a(adc_11xx.o)
                0x00000858                Chip_ADC_SetStartMode
 .text.Chip_ADC_SetSampleRate
                0x00000880       0x58 C:\Users\sdkar\Documents\MCUXpressoIDE_11.6.0_8187\workspace\lpc_chip_11cxx_lib\Release\liblpc_chip_11cxx_lib.a(adc_11xx.o)
                0x00000880                Chip_ADC_SetSampleRate
 .text.Chip_ADC_SetResolution
                0x000008d8        0xc C:\Users\sdkar\Documents\MCUXpressoIDE_11.6.0_8187\workspace\lpc_chip_11cxx_lib\Release\liblpc_chip_11cxx_lib.a(adc_11xx.o)
                0x000008d8                Chip_ADC_SetResolution
 .text.Chip_ADC_EnableChannel
                0x000008e4       0x24 C:\Users\sdkar\Documents\MCUXpressoIDE_11.6.0_8187\workspace\lpc_chip_11cxx_lib\Release\liblpc_chip_11cxx_lib.a(adc_11xx.o)
                0x000008e4                Chip_ADC_EnableChannel
 .text.Chip_ADC_SetBurstCmd
                0x00000908       0x28 C:\Users\sdkar\Documents\MCUXpressoIDE_11.6.0_8187\workspace\lpc_chip_11cxx_lib\Release\liblpc_chip_11cxx_lib.a(adc_11xx.o)
                0x00000908                Chip_ADC_SetBurstCmd
 .text.SystemCoreClockUpdate
                0x00000930       0x10 C:\Users\sdkar\Documents\MCUXpressoIDE_11.6.0_8187\workspace\lpc_chip_11cxx_lib\Release\liblpc_chip_11cxx_lib.a(chip_11xx.o)
                0x00000930                SystemCoreClockUpdate
 .text.Chip_Clock_SetSystemPLLSource
                0x00000940       0x14 C:\Users\sdkar\Documents\MCUXpressoIDE_11.6.0_8187\workspace\lpc_chip_11cxx_lib\Release\liblpc_chip_11cxx_lib.a(clock_11xx.o)
                0x00000940                Chip_Clock_SetSystemPLLSource
 .text.Chip_Clock_SetMainClockSource
                0x00000954       0x14 C:\Users\sdkar\Documents\MCUXpressoIDE_11.6.0_8187\workspace\lpc_chip_11cxx_lib\Release\liblpc_chip_11cxx_lib.a(clock_11xx.o)
                0x00000954                Chip_Clock_SetMainClockSource
 .text.Chip_Clock_GetWDTOSCRate
                0x00000968       0x28 C:\Users\sdkar\Documents\MCUXpressoIDE_11.6.0_8187\workspace\lpc_chip_11cxx_lib\Release\liblpc_chip_11cxx_lib.a(clock_11xx.o)
                0x00000968                Chip_Clock_GetWDTOSCRate
 .text.Chip_Clock_GetSystemPLLInClockRate
                0x00000990       0x2c C:\Users\sdkar\Documents\MCUXpressoIDE_11.6.0_8187\workspace\lpc_chip_11cxx_lib\Release\liblpc_chip_11cxx_lib.a(clock_11xx.o)
                0x00000990                Chip_Clock_GetSystemPLLInClockRate
 .text.Chip_Clock_GetSystemPLLOutClockRate
                0x000009bc       0x18 C:\Users\sdkar\Documents\MCUXpressoIDE_11.6.0_8187\workspace\lpc_chip_11cxx_lib\Release\liblpc_chip_11cxx_lib.a(clock_11xx.o)
                0x000009bc                Chip_Clock_GetSystemPLLOutClockRate
 .text.Chip_Clock_GetMainClockRate
                0x000009d4       0x34 C:\Users\sdkar\Documents\MCUXpressoIDE_11.6.0_8187\workspace\lpc_chip_11cxx_lib\Release\liblpc_chip_11cxx_lib.a(clock_11xx.o)
                0x000009d4                Chip_Clock_GetMainClockRate
 .text.Chip_Clock_GetSystemClockRate
                0x00000a08       0x14 C:\Users\sdkar\Documents\MCUXpressoIDE_11.6.0_8187\workspace\lpc_chip_11cxx_lib\Release\liblpc_chip_11cxx_lib.a(clock_11xx.o)
                0x00000a08                Chip_Clock_GetSystemClockRate
 .text.Chip_GPIO_Init
                0x00000a1c       0x10 C:\Users\sdkar\Documents\MCUXpressoIDE_11.6.0_8187\workspace\lpc_chip_11cxx_lib\Release\liblpc_chip_11cxx_lib.a(gpio_11xx_2.o)
                0x00000a1c                Chip_GPIO_Init
 .text.Chip_SYSCTL_PowerDown
                0x00000a2c       0x1c C:\Users\sdkar\Documents\MCUXpressoIDE_11.6.0_8187\workspace\lpc_chip_11cxx_lib\Release\liblpc_chip_11cxx_lib.a(sysctl_11xx.o)
                0x00000a2c                Chip_SYSCTL_PowerDown
 .text.Chip_SYSCTL_PowerUp
                0x00000a48       0x20 C:\Users\sdkar\Documents\MCUXpressoIDE_11.6.0_8187\workspace\lpc_chip_11cxx_lib\Release\liblpc_chip_11cxx_lib.a(sysctl_11xx.o)
                0x00000a48                Chip_SYSCTL_PowerUp
 .text.Chip_SystemInit
                0x00000a68       0x5c C:\Users\sdkar\Documents\MCUXpressoIDE_11.6.0_8187\workspace\lpc_chip_11cxx_lib\Release\liblpc_chip_11cxx_lib.a(sysinit_11xx.o)
                0x00000a68                Chip_SystemInit
 .text.__weak_main
                0x00000ac4        0x8 c:/nxp/mcuxpressoide_11.6.0_8187/ide/plugins/com.nxp.mcuxpresso.tools.win32_11.6.0.202112161359/tools/bin/../lib/gcc/arm-none-eabi/10.3.1/../../../../arm-none-eabi/lib/thumb/v6-m/nofp\libcr_c.a(__weak__main.o)
                0x00000ac4                __weak_main
                0x00000ac4                __main
 .text.__aeabi_division_idivmod
                0x00000acc       0x78 c:/nxp/mcuxpressoide_11.6.0_8187/ide/plugins/com.nxp.mcuxpresso.tools.win32_11.6.0.202112161359/tools/bin/../lib/gcc/arm-none-eabi/10.3.1/thumb/v6-m/nofp\libcr_eabihelpers.a(division_32.o)
                0x00000acc                __aeabi_idivmod
                0x00000acc                __aeabi_idiv
                0x00000ad2                __aeabi_uidivmod
                0x00000ad2                __aeabi_uidiv
 .text.__aeabi_division_idiv0
                0x00000b44        0x2 c:/nxp/mcuxpressoide_11.6.0_8187/ide/plugins/com.nxp.mcuxpresso.tools.win32_11.6.0.202112161359/tools/bin/../lib/gcc/arm-none-eabi/10.3.1/thumb/v6-m/nofp\libcr_eabihelpers.a(division_idiv0.o)
                0x00000b44                __aeabi_idiv0
 *(.rodata .rodata.* .constdata .constdata.*)
 *fill*         0x00000b46        0x2 ff
 .rodata        0x00000b48       0x20 ./src/CAN_Controller.o
 .rodata.OscRateIn
                0x00000b68        0x4 ./src/sysinit.o
                0x00000b68                OscRateIn
 .rodata.wdtOSCRate
                0x00000b6c       0x40 C:\Users\sdkar\Documents\MCUXpressoIDE_11.6.0_8187\workspace\lpc_chip_11cxx_lib\Release\liblpc_chip_11cxx_lib.a(clock_11xx.o)
                0x00000bac                . = ALIGN (0x4)

.glue_7         0x00000bac        0x0
 .glue_7        0x00000bac        0x0 linker stubs

.glue_7t        0x00000bac        0x0
 .glue_7t       0x00000bac        0x0 linker stubs

.vfp11_veneer   0x00000bac        0x0
 .vfp11_veneer  0x00000bac        0x0 linker stubs

.v4_bx          0x00000bac        0x0
 .v4_bx         0x00000bac        0x0 linker stubs

.iplt           0x00000bac        0x0
 .iplt          0x00000bac        0x0 ./src/CAN_Controller.o

.rel.dyn        0x00000bac        0x0
 .rel.iplt      0x00000bac        0x0 ./src/CAN_Controller.o

.ARM.extab
 *(.ARM.extab* .gnu.linkonce.armextab.*)

.ARM.exidx      0x00000bac        0x0
                0x00000bac                __exidx_start = .
 *(.ARM.exidx* .gnu.linkonce.armexidx.*)
                0x00000bac                __exidx_end = .
                0x00000bac                _etext = .

.uninit_RESERVED
                0x10000000        0x0
                0x10000000                _start_uninit_RESERVED = .
 *(.bss.$RESERVED*)
                0x10000000                . = ALIGN (0x4)
                0x10000000                _end_uninit_RESERVED = .

.data           0x10000000        0x0 load address 0x00000bac
 FILL mask 0xff
                0x10000000                _data = .
                [!provide]                PROVIDE (__start_data_RAM = .)
                [!provide]                PROVIDE (__start_data_RamLoc8 = .)
 *(vtable)
 *(.ramfunc*)
 *(CodeQuickAccess)
 *(DataQuickAccess)
 *(RamFunction)
 *(.data*)
                0x10000000                . = ALIGN (0x4)
                0x10000000                _edata = .
                [!provide]                PROVIDE (__end_data_RAM = .)
                [!provide]                PROVIDE (__end_data_RamLoc8 = .)

.igot.plt       0x10000000        0x0 load address 0x00000bac
 .igot.plt      0x10000000        0x0 ./src/CAN_Controller.o

.bss            0x10000000       0x98
                0x10000000                _bss = .
                [!provide]                PROVIDE (__start_bss_RAM = .)
                [!provide]                PROVIDE (__start_bss_RamLoc8 = .)
 *(.bss*)
 .bss.ADCSetup  0x10000000        0x8 ./src/CAN_Controller.o
 .bss.CanApiClkInitTable
                0x10000008        0x8 ./src/CAN_Controller.o
                0x10000008                CanApiClkInitTable
 .bss.INP       0x10000010       0x14 ./src/CAN_Controller.o
                0x10000010                INP
 .bss.inp_value
                0x10000024        0x1 ./src/CAN_Controller.o
                0x10000024                inp_value
 *fill*         0x10000025        0x3 
 .bss.ledstatus
                0x10000028       0x14 ./src/CAN_Controller.o
                0x10000028                ledstatus
 .bss.out_value
                0x1000003c        0x1 ./src/CAN_Controller.o
                0x1000003c                out_value
 *fill*         0x1000003d        0x3 
 .bss.pot       0x10000040       0x14 ./src/CAN_Controller.o
                0x10000040                pot
 .bss.received_signal
                0x10000054       0x14 ./src/CAN_Controller.o
                0x10000054                received_signal
 .bss.send_msg  0x10000068       0x14 ./src/CAN_Controller.o
                0x10000068                send_msg
 .bss.systick   0x1000007c        0x2 ./src/CAN_Controller.o
                0x1000007c                systick
 *fill*         0x1000007e        0x2 
 .bss.temperature
                0x10000080       0x14 ./src/CAN_Controller.o
                0x10000080                temperature
 *(COMMON)
 COMMON         0x10000094        0x4 C:\Users\sdkar\Documents\MCUXpressoIDE_11.6.0_8187\workspace\lpc_chip_11cxx_lib\Release\liblpc_chip_11cxx_lib.a(chip_11xx.o)
                0x10000094                SystemCoreClock
                0x10000098                . = ALIGN (0x4)
                0x10000098                _ebss = .
                [!provide]                PROVIDE (__end_bss_RAM = .)
                [!provide]                PROVIDE (__end_bss_RamLoc8 = .)
                [!provide]                PROVIDE (end = .)

.noinit         0x10000098        0x0
                0x10000098                _noinit = .
                [!provide]                PROVIDE (__start_noinit_RAM = .)
                [!provide]                PROVIDE (__start_noinit_RamLoc8 = .)
 *(.noinit*)
                0x10000098                . = ALIGN (0x4)
                0x10000098                _end_noinit = .
                [!provide]                PROVIDE (__end_noinit_RAM = .)
                [!provide]                PROVIDE (__end_noinit_RamLoc8 = .)
                [!provide]                PROVIDE (_pvHeapStart = DEFINED (__user_heap_base)?__user_heap_base:.)
                0x10002000                PROVIDE (_vStackTop = DEFINED (__user_stack_top)?__user_stack_top:(__top_RamLoc8 - 0x0))
                0xefffdd49                PROVIDE (__valid_user_code_checksum = (0x0 - (((_vStackTop + (ResetISR + 0x1)) + (DEFINED (NMI_Handler)?NMI_Handler:M0_NMI_Handler + 0x1)) + (DEFINED (HardFault_Handler)?HardFault_Handler:M0_HardFault_Handler + 0x1))))
                0x00000000                _image_start = LOADADDR (.text)
                0x00000bac                _image_end = (LOADADDR (.data) + SIZEOF (.data))
                0x00000bac                _image_size = (_image_end - _image_start)
OUTPUT(CAN_Controller.axf elf32-littlearm)
LOAD linker stubs

.debug_info     0x00000000     0x6b3f
 .debug_info    0x00000000     0x2ec1 ./src/CAN_Controller.o
 .debug_info    0x00002ec1      0x292 ./src/cr_startup_lpc11xx.o
 .debug_info    0x00003153       0x3c ./src/crp.o
 .debug_info    0x0000318f       0xec ./src/sysinit.o
 .debug_info    0x0000327b      0xfe7 C:\Users\sdkar\Documents\MCUXpressoIDE_11.6.0_8187\workspace\lpc_chip_11cxx_lib\Release\liblpc_chip_11cxx_lib.a(adc_11xx.o)
 .debug_info    0x00004262      0x123 C:\Users\sdkar\Documents\MCUXpressoIDE_11.6.0_8187\workspace\lpc_chip_11cxx_lib\Release\liblpc_chip_11cxx_lib.a(chip_11xx.o)
 .debug_info    0x00004385      0x9f0 C:\Users\sdkar\Documents\MCUXpressoIDE_11.6.0_8187\workspace\lpc_chip_11cxx_lib\Release\liblpc_chip_11cxx_lib.a(clock_11xx.o)
 .debug_info    0x00004d75      0xde7 C:\Users\sdkar\Documents\MCUXpressoIDE_11.6.0_8187\workspace\lpc_chip_11cxx_lib\Release\liblpc_chip_11cxx_lib.a(gpio_11xx_2.o)
 .debug_info    0x00005b5c      0x631 C:\Users\sdkar\Documents\MCUXpressoIDE_11.6.0_8187\workspace\lpc_chip_11cxx_lib\Release\liblpc_chip_11cxx_lib.a(sysctl_11xx.o)
 .debug_info    0x0000618d      0x9b2 C:\Users\sdkar\Documents\MCUXpressoIDE_11.6.0_8187\workspace\lpc_chip_11cxx_lib\Release\liblpc_chip_11cxx_lib.a(sysinit_11xx.o)

.debug_abbrev   0x00000000     0x1479
 .debug_abbrev  0x00000000      0x610 ./src/CAN_Controller.o
 .debug_abbrev  0x00000610       0xf9 ./src/cr_startup_lpc11xx.o
 .debug_abbrev  0x00000709       0x35 ./src/crp.o
 .debug_abbrev  0x0000073e       0x9c ./src/sysinit.o
 .debug_abbrev  0x000007da      0x334 C:\Users\sdkar\Documents\MCUXpressoIDE_11.6.0_8187\workspace\lpc_chip_11cxx_lib\Release\liblpc_chip_11cxx_lib.a(adc_11xx.o)
 .debug_abbrev  0x00000b0e       0xcd C:\Users\sdkar\Documents\MCUXpressoIDE_11.6.0_8187\workspace\lpc_chip_11cxx_lib\Release\liblpc_chip_11cxx_lib.a(chip_11xx.o)
 .debug_abbrev  0x00000bdb      0x2bc C:\Users\sdkar\Documents\MCUXpressoIDE_11.6.0_8187\workspace\lpc_chip_11cxx_lib\Release\liblpc_chip_11cxx_lib.a(clock_11xx.o)
 .debug_abbrev  0x00000e97      0x275 C:\Users\sdkar\Documents\MCUXpressoIDE_11.6.0_8187\workspace\lpc_chip_11cxx_lib\Release\liblpc_chip_11cxx_lib.a(gpio_11xx_2.o)
 .debug_abbrev  0x0000110c      0x123 C:\Users\sdkar\Documents\MCUXpressoIDE_11.6.0_8187\workspace\lpc_chip_11cxx_lib\Release\liblpc_chip_11cxx_lib.a(sysctl_11xx.o)
 .debug_abbrev  0x0000122f      0x24a C:\Users\sdkar\Documents\MCUXpressoIDE_11.6.0_8187\workspace\lpc_chip_11cxx_lib\Release\liblpc_chip_11cxx_lib.a(sysinit_11xx.o)

.debug_loc      0x00000000     0x2b33
 .debug_loc     0x00000000     0x1601 ./src/CAN_Controller.o
 .debug_loc     0x00001601      0x234 ./src/cr_startup_lpc11xx.o
 .debug_loc     0x00001835      0xa6d C:\Users\sdkar\Documents\MCUXpressoIDE_11.6.0_8187\workspace\lpc_chip_11cxx_lib\Release\liblpc_chip_11cxx_lib.a(adc_11xx.o)
 .debug_loc     0x000022a2      0x1ae C:\Users\sdkar\Documents\MCUXpressoIDE_11.6.0_8187\workspace\lpc_chip_11cxx_lib\Release\liblpc_chip_11cxx_lib.a(clock_11xx.o)
 .debug_loc     0x00002450      0x53b C:\Users\sdkar\Documents\MCUXpressoIDE_11.6.0_8187\workspace\lpc_chip_11cxx_lib\Release\liblpc_chip_11cxx_lib.a(gpio_11xx_2.o)
 .debug_loc     0x0000298b      0x120 C:\Users\sdkar\Documents\MCUXpressoIDE_11.6.0_8187\workspace\lpc_chip_11cxx_lib\Release\liblpc_chip_11cxx_lib.a(sysctl_11xx.o)
 .debug_loc     0x00002aab       0x88 C:\Users\sdkar\Documents\MCUXpressoIDE_11.6.0_8187\workspace\lpc_chip_11cxx_lib\Release\liblpc_chip_11cxx_lib.a(sysinit_11xx.o)

.debug_aranges  0x00000000      0x300
 .debug_aranges
                0x00000000       0xc0 ./src/CAN_Controller.o
 .debug_aranges
                0x000000c0       0x60 ./src/cr_startup_lpc11xx.o
 .debug_aranges
                0x00000120       0x18 ./src/crp.o
 .debug_aranges
                0x00000138       0x20 ./src/sysinit.o
 .debug_aranges
                0x00000158       0x78 C:\Users\sdkar\Documents\MCUXpressoIDE_11.6.0_8187\workspace\lpc_chip_11cxx_lib\Release\liblpc_chip_11cxx_lib.a(adc_11xx.o)
 .debug_aranges
                0x000001d0       0x20 C:\Users\sdkar\Documents\MCUXpressoIDE_11.6.0_8187\workspace\lpc_chip_11cxx_lib\Release\liblpc_chip_11cxx_lib.a(chip_11xx.o)
 .debug_aranges
                0x000001f0       0x68 C:\Users\sdkar\Documents\MCUXpressoIDE_11.6.0_8187\workspace\lpc_chip_11cxx_lib\Release\liblpc_chip_11cxx_lib.a(clock_11xx.o)
 .debug_aranges
                0x00000258       0x50 C:\Users\sdkar\Documents\MCUXpressoIDE_11.6.0_8187\workspace\lpc_chip_11cxx_lib\Release\liblpc_chip_11cxx_lib.a(gpio_11xx_2.o)
 .debug_aranges
                0x000002a8       0x38 C:\Users\sdkar\Documents\MCUXpressoIDE_11.6.0_8187\workspace\lpc_chip_11cxx_lib\Release\liblpc_chip_11cxx_lib.a(sysctl_11xx.o)
 .debug_aranges
                0x000002e0       0x20 C:\Users\sdkar\Documents\MCUXpressoIDE_11.6.0_8187\workspace\lpc_chip_11cxx_lib\Release\liblpc_chip_11cxx_lib.a(sysinit_11xx.o)

.debug_ranges   0x00000000      0x8c8
 .debug_ranges  0x00000000      0x5b8 ./src/CAN_Controller.o
 .debug_ranges  0x000005b8       0x50 ./src/cr_startup_lpc11xx.o
 .debug_ranges  0x00000608       0x10 ./src/sysinit.o
 .debug_ranges  0x00000618      0x100 C:\Users\sdkar\Documents\MCUXpressoIDE_11.6.0_8187\workspace\lpc_chip_11cxx_lib\Release\liblpc_chip_11cxx_lib.a(adc_11xx.o)
 .debug_ranges  0x00000718       0x10 C:\Users\sdkar\Documents\MCUXpressoIDE_11.6.0_8187\workspace\lpc_chip_11cxx_lib\Release\liblpc_chip_11cxx_lib.a(chip_11xx.o)
 .debug_ranges  0x00000728       0x78 C:\Users\sdkar\Documents\MCUXpressoIDE_11.6.0_8187\workspace\lpc_chip_11cxx_lib\Release\liblpc_chip_11cxx_lib.a(clock_11xx.o)
 .debug_ranges  0x000007a0       0x88 C:\Users\sdkar\Documents\MCUXpressoIDE_11.6.0_8187\workspace\lpc_chip_11cxx_lib\Release\liblpc_chip_11cxx_lib.a(gpio_11xx_2.o)
 .debug_ranges  0x00000828       0x28 C:\Users\sdkar\Documents\MCUXpressoIDE_11.6.0_8187\workspace\lpc_chip_11cxx_lib\Release\liblpc_chip_11cxx_lib.a(sysctl_11xx.o)
 .debug_ranges  0x00000850       0x78 C:\Users\sdkar\Documents\MCUXpressoIDE_11.6.0_8187\workspace\lpc_chip_11cxx_lib\Release\liblpc_chip_11cxx_lib.a(sysinit_11xx.o)

.debug_line     0x00000000     0x2877
 .debug_line    0x00000000     0x102f ./src/CAN_Controller.o
 .debug_line    0x0000102f      0x1ac ./src/cr_startup_lpc11xx.o
 .debug_line    0x000011db       0x2d ./src/crp.o
 .debug_line    0x00001208      0x12e ./src/sysinit.o
 .debug_line    0x00001336      0x602 C:\Users\sdkar\Documents\MCUXpressoIDE_11.6.0_8187\workspace\lpc_chip_11cxx_lib\Release\liblpc_chip_11cxx_lib.a(adc_11xx.o)
 .debug_line    0x00001938      0x1cb C:\Users\sdkar\Documents\MCUXpressoIDE_11.6.0_8187\workspace\lpc_chip_11cxx_lib\Release\liblpc_chip_11cxx_lib.a(chip_11xx.o)
 .debug_line    0x00001b03      0x437 C:\Users\sdkar\Documents\MCUXpressoIDE_11.6.0_8187\workspace\lpc_chip_11cxx_lib\Release\liblpc_chip_11cxx_lib.a(clock_11xx.o)
 .debug_line    0x00001f3a      0x419 C:\Users\sdkar\Documents\MCUXpressoIDE_11.6.0_8187\workspace\lpc_chip_11cxx_lib\Release\liblpc_chip_11cxx_lib.a(gpio_11xx_2.o)
 .debug_line    0x00002353      0x269 C:\Users\sdkar\Documents\MCUXpressoIDE_11.6.0_8187\workspace\lpc_chip_11cxx_lib\Release\liblpc_chip_11cxx_lib.a(sysctl_11xx.o)
 .debug_line    0x000025bc      0x2bb C:\Users\sdkar\Documents\MCUXpressoIDE_11.6.0_8187\workspace\lpc_chip_11cxx_lib\Release\liblpc_chip_11cxx_lib.a(sysinit_11xx.o)

.debug_str      0x00000000     0x21d6
 .debug_str     0x00000000     0x14b3 ./src/CAN_Controller.o
                               0x1553 (size before relaxing)
 .debug_str     0x000014b3      0x127 ./src/cr_startup_lpc11xx.o
                                0x269 (size before relaxing)
 .debug_str     0x000015da       0x16 ./src/crp.o
                                0x137 (size before relaxing)
 .debug_str     0x000015f0       0x35 ./src/sysinit.o
                                0x1e1 (size before relaxing)
 .debug_str     0x00001625      0x2ef C:\Users\sdkar\Documents\MCUXpressoIDE_11.6.0_8187\workspace\lpc_chip_11cxx_lib\Release\liblpc_chip_11cxx_lib.a(adc_11xx.o)
                                0xb1f (size before relaxing)
 .debug_str     0x00001914       0x13 C:\Users\sdkar\Documents\MCUXpressoIDE_11.6.0_8187\workspace\lpc_chip_11cxx_lib\Release\liblpc_chip_11cxx_lib.a(chip_11xx.o)
                                0x252 (size before relaxing)
 .debug_str     0x00001927      0x51b C:\Users\sdkar\Documents\MCUXpressoIDE_11.6.0_8187\workspace\lpc_chip_11cxx_lib\Release\liblpc_chip_11cxx_lib.a(clock_11xx.o)
                                0xa08 (size before relaxing)
 .debug_str     0x00001e42      0x1f8 C:\Users\sdkar\Documents\MCUXpressoIDE_11.6.0_8187\workspace\lpc_chip_11cxx_lib\Release\liblpc_chip_11cxx_lib.a(gpio_11xx_2.o)
                                0x8e6 (size before relaxing)
 .debug_str     0x0000203a       0x7b C:\Users\sdkar\Documents\MCUXpressoIDE_11.6.0_8187\workspace\lpc_chip_11cxx_lib\Release\liblpc_chip_11cxx_lib.a(sysctl_11xx.o)
                                0x558 (size before relaxing)
 .debug_str     0x000020b5      0x121 C:\Users\sdkar\Documents\MCUXpressoIDE_11.6.0_8187\workspace\lpc_chip_11cxx_lib\Release\liblpc_chip_11cxx_lib.a(sysinit_11xx.o)
                                0x911 (size before relaxing)

.comment        0x00000000       0xc2
 .comment       0x00000000       0x49 ./src/CAN_Controller.o
                                 0x4a (size before relaxing)
 .comment       0x00000049       0x4a ./src/cr_startup_lpc11xx.o
 .comment       0x00000049       0x4a ./src/crp.o
 .comment       0x00000049       0x4a ./src/sysinit.o
 .comment       0x00000049       0x79 C:\Users\sdkar\Documents\MCUXpressoIDE_11.6.0_8187\workspace\lpc_chip_11cxx_lib\Release\liblpc_chip_11cxx_lib.a(adc_11xx.o)
                                 0x7a (size before relaxing)
 .comment       0x000000c2       0x7a C:\Users\sdkar\Documents\MCUXpressoIDE_11.6.0_8187\workspace\lpc_chip_11cxx_lib\Release\liblpc_chip_11cxx_lib.a(chip_11xx.o)
 .comment       0x000000c2       0x7a C:\Users\sdkar\Documents\MCUXpressoIDE_11.6.0_8187\workspace\lpc_chip_11cxx_lib\Release\liblpc_chip_11cxx_lib.a(clock_11xx.o)
 .comment       0x000000c2       0x7a C:\Users\sdkar\Documents\MCUXpressoIDE_11.6.0_8187\workspace\lpc_chip_11cxx_lib\Release\liblpc_chip_11cxx_lib.a(gpio_11xx_2.o)
 .comment       0x000000c2       0x7a C:\Users\sdkar\Documents\MCUXpressoIDE_11.6.0_8187\workspace\lpc_chip_11cxx_lib\Release\liblpc_chip_11cxx_lib.a(sysctl_11xx.o)
 .comment       0x000000c2       0x7a C:\Users\sdkar\Documents\MCUXpressoIDE_11.6.0_8187\workspace\lpc_chip_11cxx_lib\Release\liblpc_chip_11cxx_lib.a(sysinit_11xx.o)
 .comment       0x000000c2       0x4a c:/nxp/mcuxpressoide_11.6.0_8187/ide/plugins/com.nxp.mcuxpresso.tools.win32_11.6.0.202112161359/tools/bin/../lib/gcc/arm-none-eabi/10.3.1/../../../../arm-none-eabi/lib/thumb/v6-m/nofp\libcr_c.a(__weak__main.o)

.ARM.attributes
                0x00000000       0x2a
 .ARM.attributes
                0x00000000       0x2c ./src/CAN_Controller.o
 .ARM.attributes
                0x0000002c       0x2c ./src/cr_startup_lpc11xx.o
 .ARM.attributes
                0x00000058       0x2c ./src/crp.o
 .ARM.attributes
                0x00000084       0x2c ./src/sysinit.o
 .ARM.attributes
                0x000000b0       0x2c C:\Users\sdkar\Documents\MCUXpressoIDE_11.6.0_8187\workspace\lpc_chip_11cxx_lib\Release\liblpc_chip_11cxx_lib.a(adc_11xx.o)
 .ARM.attributes
                0x000000dc       0x2c C:\Users\sdkar\Documents\MCUXpressoIDE_11.6.0_8187\workspace\lpc_chip_11cxx_lib\Release\liblpc_chip_11cxx_lib.a(chip_11xx.o)
 .ARM.attributes
                0x00000108       0x2c C:\Users\sdkar\Documents\MCUXpressoIDE_11.6.0_8187\workspace\lpc_chip_11cxx_lib\Release\liblpc_chip_11cxx_lib.a(clock_11xx.o)
 .ARM.attributes
                0x00000134       0x2c C:\Users\sdkar\Documents\MCUXpressoIDE_11.6.0_8187\workspace\lpc_chip_11cxx_lib\Release\liblpc_chip_11cxx_lib.a(gpio_11xx_2.o)
 .ARM.attributes
                0x00000160       0x2c C:\Users\sdkar\Documents\MCUXpressoIDE_11.6.0_8187\workspace\lpc_chip_11cxx_lib\Release\liblpc_chip_11cxx_lib.a(sysctl_11xx.o)
 .ARM.attributes
                0x0000018c       0x2c C:\Users\sdkar\Documents\MCUXpressoIDE_11.6.0_8187\workspace\lpc_chip_11cxx_lib\Release\liblpc_chip_11cxx_lib.a(sysinit_11xx.o)
 .ARM.attributes
                0x000001b8       0x2c c:/nxp/mcuxpressoide_11.6.0_8187/ide/plugins/com.nxp.mcuxpresso.tools.win32_11.6.0.202112161359/tools/bin/../lib/gcc/arm-none-eabi/10.3.1/../../../../arm-none-eabi/lib/thumb/v6-m/nofp\libcr_c.a(__weak__main.o)
 .ARM.attributes
                0x000001e4       0x1c c:/nxp/mcuxpressoide_11.6.0_8187/ide/plugins/com.nxp.mcuxpresso.tools.win32_11.6.0.202112161359/tools/bin/../lib/gcc/arm-none-eabi/10.3.1/thumb/v6-m/nofp\libcr_eabihelpers.a(division_32.o)
 .ARM.attributes
                0x00000200       0x1c c:/nxp/mcuxpressoide_11.6.0_8187/ide/plugins/com.nxp.mcuxpresso.tools.win32_11.6.0.202112161359/tools/bin/../lib/gcc/arm-none-eabi/10.3.1/thumb/v6-m/nofp\libcr_eabihelpers.a(division_idiv0.o)

.debug_frame    0x00000000      0x618
 .debug_frame   0x00000000      0x218 ./src/CAN_Controller.o
 .debug_frame   0x00000218       0xbc ./src/cr_startup_lpc11xx.o
 .debug_frame   0x000002d4       0x28 ./src/sysinit.o
 .debug_frame   0x000002fc      0x118 C:\Users\sdkar\Documents\MCUXpressoIDE_11.6.0_8187\workspace\lpc_chip_11cxx_lib\Release\liblpc_chip_11cxx_lib.a(adc_11xx.o)
 .debug_frame   0x00000414       0x28 C:\Users\sdkar\Documents\MCUXpressoIDE_11.6.0_8187\workspace\lpc_chip_11cxx_lib\Release\liblpc_chip_11cxx_lib.a(chip_11xx.o)
 .debug_frame   0x0000043c       0xd0 C:\Users\sdkar\Documents\MCUXpressoIDE_11.6.0_8187\workspace\lpc_chip_11cxx_lib\Release\liblpc_chip_11cxx_lib.a(clock_11xx.o)
 .debug_frame   0x0000050c       0x8c C:\Users\sdkar\Documents\MCUXpressoIDE_11.6.0_8187\workspace\lpc_chip_11cxx_lib\Release\liblpc_chip_11cxx_lib.a(gpio_11xx_2.o)
 .debug_frame   0x00000598       0x58 C:\Users\sdkar\Documents\MCUXpressoIDE_11.6.0_8187\workspace\lpc_chip_11cxx_lib\Release\liblpc_chip_11cxx_lib.a(sysctl_11xx.o)
 .debug_frame   0x000005f0       0x28 C:\Users\sdkar\Documents\MCUXpressoIDE_11.6.0_8187\workspace\lpc_chip_11cxx_lib\Release\liblpc_chip_11cxx_lib.a(sysinit_11xx.o)

Cross Reference Table

Symbol                                            File
ADC_IRQHandler                                    ./src/cr_startup_lpc11xx.o
Analog_Setup                                      ./src/CAN_Controller.o
BOD_IRQHandler                                    ./src/cr_startup_lpc11xx.o
CAN_IRQHandler                                    ./src/CAN_Controller.o
CAN_error                                         ./src/CAN_Controller.o
CAN_rx                                            ./src/CAN_Controller.o
CAN_tx                                            ./src/CAN_Controller.o
CRP_WORD                                          ./src/crp.o
CanApiClkInitTable                                ./src/CAN_Controller.o
Chip_ADC_DeInit                                   C:\Users\sdkar\Documents\MCUXpressoIDE_11.6.0_8187\workspace\lpc_chip_11cxx_lib\Release\liblpc_chip_11cxx_lib.a(adc_11xx.o)
Chip_ADC_EnableChannel                            C:\Users\sdkar\Documents\MCUXpressoIDE_11.6.0_8187\workspace\lpc_chip_11cxx_lib\Release\liblpc_chip_11cxx_lib.a(adc_11xx.o)
                                                  ./src/CAN_Controller.o
Chip_ADC_Init                                     C:\Users\sdkar\Documents\MCUXpressoIDE_11.6.0_8187\workspace\lpc_chip_11cxx_lib\Release\liblpc_chip_11cxx_lib.a(adc_11xx.o)
                                                  ./src/CAN_Controller.o
Chip_ADC_Int_SetChannelCmd                        C:\Users\sdkar\Documents\MCUXpressoIDE_11.6.0_8187\workspace\lpc_chip_11cxx_lib\Release\liblpc_chip_11cxx_lib.a(adc_11xx.o)
Chip_ADC_ReadByte                                 C:\Users\sdkar\Documents\MCUXpressoIDE_11.6.0_8187\workspace\lpc_chip_11cxx_lib\Release\liblpc_chip_11cxx_lib.a(adc_11xx.o)
Chip_ADC_ReadStatus                               C:\Users\sdkar\Documents\MCUXpressoIDE_11.6.0_8187\workspace\lpc_chip_11cxx_lib\Release\liblpc_chip_11cxx_lib.a(adc_11xx.o)
                                                  ./src/CAN_Controller.o
Chip_ADC_ReadValue                                C:\Users\sdkar\Documents\MCUXpressoIDE_11.6.0_8187\workspace\lpc_chip_11cxx_lib\Release\liblpc_chip_11cxx_lib.a(adc_11xx.o)
                                                  ./src/CAN_Controller.o
Chip_ADC_SetBurstCmd                              C:\Users\sdkar\Documents\MCUXpressoIDE_11.6.0_8187\workspace\lpc_chip_11cxx_lib\Release\liblpc_chip_11cxx_lib.a(adc_11xx.o)
                                                  ./src/CAN_Controller.o
Chip_ADC_SetResolution                            C:\Users\sdkar\Documents\MCUXpressoIDE_11.6.0_8187\workspace\lpc_chip_11cxx_lib\Release\liblpc_chip_11cxx_lib.a(adc_11xx.o)
                                                  ./src/CAN_Controller.o
Chip_ADC_SetSampleRate                            C:\Users\sdkar\Documents\MCUXpressoIDE_11.6.0_8187\workspace\lpc_chip_11cxx_lib\Release\liblpc_chip_11cxx_lib.a(adc_11xx.o)
                                                  ./src/CAN_Controller.o
Chip_ADC_SetStartMode                             C:\Users\sdkar\Documents\MCUXpressoIDE_11.6.0_8187\workspace\lpc_chip_11cxx_lib\Release\liblpc_chip_11cxx_lib.a(adc_11xx.o)
                                                  ./src/CAN_Controller.o
Chip_Clock_GetMainClockRate                       C:\Users\sdkar\Documents\MCUXpressoIDE_11.6.0_8187\workspace\lpc_chip_11cxx_lib\Release\liblpc_chip_11cxx_lib.a(clock_11xx.o)
                                                  ./src/CAN_Controller.o
Chip_Clock_GetSystemClockRate                     C:\Users\sdkar\Documents\MCUXpressoIDE_11.6.0_8187\workspace\lpc_chip_11cxx_lib\Release\liblpc_chip_11cxx_lib.a(clock_11xx.o)
                                                  C:\Users\sdkar\Documents\MCUXpressoIDE_11.6.0_8187\workspace\lpc_chip_11cxx_lib\Release\liblpc_chip_11cxx_lib.a(chip_11xx.o)
                                                  C:\Users\sdkar\Documents\MCUXpressoIDE_11.6.0_8187\workspace\lpc_chip_11cxx_lib\Release\liblpc_chip_11cxx_lib.a(adc_11xx.o)
                                                  ./src/CAN_Controller.o
Chip_Clock_GetSystemPLLInClockRate                C:\Users\sdkar\Documents\MCUXpressoIDE_11.6.0_8187\workspace\lpc_chip_11cxx_lib\Release\liblpc_chip_11cxx_lib.a(clock_11xx.o)
Chip_Clock_GetSystemPLLOutClockRate               C:\Users\sdkar\Documents\MCUXpressoIDE_11.6.0_8187\workspace\lpc_chip_11cxx_lib\Release\liblpc_chip_11cxx_lib.a(clock_11xx.o)
Chip_Clock_GetWDTOSCRate                          C:\Users\sdkar\Documents\MCUXpressoIDE_11.6.0_8187\workspace\lpc_chip_11cxx_lib\Release\liblpc_chip_11cxx_lib.a(clock_11xx.o)
Chip_Clock_SetCLKOUTSource                        C:\Users\sdkar\Documents\MCUXpressoIDE_11.6.0_8187\workspace\lpc_chip_11cxx_lib\Release\liblpc_chip_11cxx_lib.a(clock_11xx.o)
Chip_Clock_SetMainClockSource                     C:\Users\sdkar\Documents\MCUXpressoIDE_11.6.0_8187\workspace\lpc_chip_11cxx_lib\Release\liblpc_chip_11cxx_lib.a(clock_11xx.o)
                                                  C:\Users\sdkar\Documents\MCUXpressoIDE_11.6.0_8187\workspace\lpc_chip_11cxx_lib\Release\liblpc_chip_11cxx_lib.a(sysinit_11xx.o)
Chip_Clock_SetPLLBypass                           C:\Users\sdkar\Documents\MCUXpressoIDE_11.6.0_8187\workspace\lpc_chip_11cxx_lib\Release\liblpc_chip_11cxx_lib.a(clock_11xx.o)
Chip_Clock_SetSystemPLLSource                     C:\Users\sdkar\Documents\MCUXpressoIDE_11.6.0_8187\workspace\lpc_chip_11cxx_lib\Release\liblpc_chip_11cxx_lib.a(clock_11xx.o)
                                                  C:\Users\sdkar\Documents\MCUXpressoIDE_11.6.0_8187\workspace\lpc_chip_11cxx_lib\Release\liblpc_chip_11cxx_lib.a(sysinit_11xx.o)
Chip_Clock_SetWDTClockSource                      C:\Users\sdkar\Documents\MCUXpressoIDE_11.6.0_8187\workspace\lpc_chip_11cxx_lib\Release\liblpc_chip_11cxx_lib.a(clock_11xx.o)
Chip_GPIO_DeInit                                  C:\Users\sdkar\Documents\MCUXpressoIDE_11.6.0_8187\workspace\lpc_chip_11cxx_lib\Release\liblpc_chip_11cxx_lib.a(gpio_11xx_2.o)
Chip_GPIO_Init                                    C:\Users\sdkar\Documents\MCUXpressoIDE_11.6.0_8187\workspace\lpc_chip_11cxx_lib\Release\liblpc_chip_11cxx_lib.a(gpio_11xx_2.o)
                                                  ./src/CAN_Controller.o
Chip_GPIO_SetDir                                  C:\Users\sdkar\Documents\MCUXpressoIDE_11.6.0_8187\workspace\lpc_chip_11cxx_lib\Release\liblpc_chip_11cxx_lib.a(gpio_11xx_2.o)
Chip_GPIO_SetPinDIR                               C:\Users\sdkar\Documents\MCUXpressoIDE_11.6.0_8187\workspace\lpc_chip_11cxx_lib\Release\liblpc_chip_11cxx_lib.a(gpio_11xx_2.o)
Chip_GPIO_SetPortDIR                              C:\Users\sdkar\Documents\MCUXpressoIDE_11.6.0_8187\workspace\lpc_chip_11cxx_lib\Release\liblpc_chip_11cxx_lib.a(gpio_11xx_2.o)
Chip_GPIO_SetupPinInt                             C:\Users\sdkar\Documents\MCUXpressoIDE_11.6.0_8187\workspace\lpc_chip_11cxx_lib\Release\liblpc_chip_11cxx_lib.a(gpio_11xx_2.o)
Chip_GPIO_WriteDirBit                             C:\Users\sdkar\Documents\MCUXpressoIDE_11.6.0_8187\workspace\lpc_chip_11cxx_lib\Release\liblpc_chip_11cxx_lib.a(gpio_11xx_2.o)
Chip_SYSCTL_PowerDown                             C:\Users\sdkar\Documents\MCUXpressoIDE_11.6.0_8187\workspace\lpc_chip_11cxx_lib\Release\liblpc_chip_11cxx_lib.a(sysctl_11xx.o)
                                                  C:\Users\sdkar\Documents\MCUXpressoIDE_11.6.0_8187\workspace\lpc_chip_11cxx_lib\Release\liblpc_chip_11cxx_lib.a(sysinit_11xx.o)
                                                  C:\Users\sdkar\Documents\MCUXpressoIDE_11.6.0_8187\workspace\lpc_chip_11cxx_lib\Release\liblpc_chip_11cxx_lib.a(adc_11xx.o)
Chip_SYSCTL_PowerUp                               C:\Users\sdkar\Documents\MCUXpressoIDE_11.6.0_8187\workspace\lpc_chip_11cxx_lib\Release\liblpc_chip_11cxx_lib.a(sysctl_11xx.o)
                                                  C:\Users\sdkar\Documents\MCUXpressoIDE_11.6.0_8187\workspace\lpc_chip_11cxx_lib\Release\liblpc_chip_11cxx_lib.a(sysinit_11xx.o)
                                                  C:\Users\sdkar\Documents\MCUXpressoIDE_11.6.0_8187\workspace\lpc_chip_11cxx_lib\Release\liblpc_chip_11cxx_lib.a(adc_11xx.o)
Chip_SYSCTL_SetDeepSleepPD                        C:\Users\sdkar\Documents\MCUXpressoIDE_11.6.0_8187\workspace\lpc_chip_11cxx_lib\Release\liblpc_chip_11cxx_lib.a(sysctl_11xx.o)
Chip_SYSCTL_SetWakeup                             C:\Users\sdkar\Documents\MCUXpressoIDE_11.6.0_8187\workspace\lpc_chip_11cxx_lib\Release\liblpc_chip_11cxx_lib.a(sysctl_11xx.o)
Chip_SystemInit                                   C:\Users\sdkar\Documents\MCUXpressoIDE_11.6.0_8187\workspace\lpc_chip_11cxx_lib\Release\liblpc_chip_11cxx_lib.a(sysinit_11xx.o)
                                                  ./src/sysinit.o
Chip_TIMER_DeInit                                 C:\Users\sdkar\Documents\MCUXpressoIDE_11.6.0_8187\workspace\lpc_chip_11cxx_lib\Release\liblpc_chip_11cxx_lib.a(timer_11xx.o)
Chip_TIMER_ExtMatchControlSet                     C:\Users\sdkar\Documents\MCUXpressoIDE_11.6.0_8187\workspace\lpc_chip_11cxx_lib\Release\liblpc_chip_11cxx_lib.a(timer_11xx.o)
Chip_TIMER_Init                                   C:\Users\sdkar\Documents\MCUXpressoIDE_11.6.0_8187\workspace\lpc_chip_11cxx_lib\Release\liblpc_chip_11cxx_lib.a(timer_11xx.o)
                                                  ./src/CAN_Controller.o
Chip_TIMER_Reset                                  C:\Users\sdkar\Documents\MCUXpressoIDE_11.6.0_8187\workspace\lpc_chip_11cxx_lib\Release\liblpc_chip_11cxx_lib.a(timer_11xx.o)
                                                  ./src/CAN_Controller.o
Delay                                             ./src/CAN_Controller.o
ExtRateIn                                         ./src/sysinit.o
HardFault_Handler                                 ./src/cr_startup_lpc11xx.o
I2C_IRQHandler                                    ./src/cr_startup_lpc11xx.o
INP                                               ./src/CAN_Controller.o
INP_send_status                                   ./src/CAN_Controller.o
Init_PWM                                          ./src/CAN_Controller.o
Init_Pinmux                                       ./src/CAN_Controller.o
IntDefaultHandler                                 ./src/cr_startup_lpc11xx.o
NMI_Handler                                       ./src/cr_startup_lpc11xx.o
OscRateIn                                         ./src/sysinit.o
                                                  C:\Users\sdkar\Documents\MCUXpressoIDE_11.6.0_8187\workspace\lpc_chip_11cxx_lib\Release\liblpc_chip_11cxx_lib.a(clock_11xx.o)
PIOINT0_IRQHandler                                ./src/cr_startup_lpc11xx.o
PIOINT1_IRQHandler                                ./src/cr_startup_lpc11xx.o
PIOINT2_IRQHandler                                ./src/cr_startup_lpc11xx.o
PIOINT3_IRQHandler                                ./src/cr_startup_lpc11xx.o
PendSV_Handler                                    ./src/cr_startup_lpc11xx.o
ResetISR                                          ./src/cr_startup_lpc11xx.o
SSP0_IRQHandler                                   ./src/cr_startup_lpc11xx.o
SSP1_IRQHandler                                   ./src/cr_startup_lpc11xx.o
SVC_Handler                                       ./src/cr_startup_lpc11xx.o
Send_Msg                                          ./src/CAN_Controller.o
SetModePWM                                        ./src/CAN_Controller.o
SysTick_Handler                                   ./src/CAN_Controller.o
SystemCoreClock                                   C:\Users\sdkar\Documents\MCUXpressoIDE_11.6.0_8187\workspace\lpc_chip_11cxx_lib\Release\liblpc_chip_11cxx_lib.a(chip_11xx.o)
                                                  ./src/CAN_Controller.o
SystemCoreClockUpdate                             C:\Users\sdkar\Documents\MCUXpressoIDE_11.6.0_8187\workspace\lpc_chip_11cxx_lib\Release\liblpc_chip_11cxx_lib.a(chip_11xx.o)
                                                  ./src/CAN_Controller.o
SystemInit                                        ./src/sysinit.o
                                                  ./src/cr_startup_lpc11xx.o
TIMER16_0_IRQHandler                              ./src/cr_startup_lpc11xx.o
TIMER16_1_IRQHandler                              ./src/cr_startup_lpc11xx.o
TIMER32_0_IRQHandler                              ./src/CAN_Controller.o
TIMER32_1_IRQHandler                              ./src/cr_startup_lpc11xx.o
TIM_Init                                          ./src/CAN_Controller.o
UART_IRQHandler                                   ./src/cr_startup_lpc11xx.o
WAKEUP_IRQHandler                                 ./src/cr_startup_lpc11xx.o
WDT_IRQHandler                                    ./src/cr_startup_lpc11xx.o
__aeabi_idiv                                      c:/nxp/mcuxpressoide_11.6.0_8187/ide/plugins/com.nxp.mcuxpresso.tools.win32_11.6.0.202112161359/tools/bin/../lib/gcc/arm-none-eabi/10.3.1/thumb/v6-m/nofp\libcr_eabihelpers.a(division_32.o)
__aeabi_idiv0                                     c:/nxp/mcuxpressoide_11.6.0_8187/ide/plugins/com.nxp.mcuxpresso.tools.win32_11.6.0.202112161359/tools/bin/../lib/gcc/arm-none-eabi/10.3.1/thumb/v6-m/nofp\libcr_eabihelpers.a(division_idiv0.o)
                                                  c:/nxp/mcuxpressoide_11.6.0_8187/ide/plugins/com.nxp.mcuxpresso.tools.win32_11.6.0.202112161359/tools/bin/../lib/gcc/arm-none-eabi/10.3.1/thumb/v6-m/nofp\libcr_eabihelpers.a(division_32.o)
__aeabi_idivmod                                   c:/nxp/mcuxpressoide_11.6.0_8187/ide/plugins/com.nxp.mcuxpresso.tools.win32_11.6.0.202112161359/tools/bin/../lib/gcc/arm-none-eabi/10.3.1/thumb/v6-m/nofp\libcr_eabihelpers.a(division_32.o)
__aeabi_uidiv                                     c:/nxp/mcuxpressoide_11.6.0_8187/ide/plugins/com.nxp.mcuxpresso.tools.win32_11.6.0.202112161359/tools/bin/../lib/gcc/arm-none-eabi/10.3.1/thumb/v6-m/nofp\libcr_eabihelpers.a(division_32.o)
                                                  C:\Users\sdkar\Documents\MCUXpressoIDE_11.6.0_8187\workspace\lpc_chip_11cxx_lib\Release\liblpc_chip_11cxx_lib.a(clock_11xx.o)
                                                  C:\Users\sdkar\Documents\MCUXpressoIDE_11.6.0_8187\workspace\lpc_chip_11cxx_lib\Release\liblpc_chip_11cxx_lib.a(adc_11xx.o)
                                                  ./src/CAN_Controller.o
__aeabi_uidivmod                                  c:/nxp/mcuxpressoide_11.6.0_8187/ide/plugins/com.nxp.mcuxpresso.tools.win32_11.6.0.202112161359/tools/bin/../lib/gcc/arm-none-eabi/10.3.1/thumb/v6-m/nofp\libcr_eabihelpers.a(division_32.o)
__bss_section_table_end                           ./src/cr_startup_lpc11xx.o
__data_section_table                              ./src/cr_startup_lpc11xx.o
__data_section_table_end                          ./src/cr_startup_lpc11xx.o
__gnu_thumb1_case_shi                             c:/nxp/mcuxpressoide_11.6.0_8187/ide/plugins/com.nxp.mcuxpresso.tools.win32_11.6.0.202112161359/tools/bin/../lib/gcc/arm-none-eabi/10.3.1/thumb/v6-m/nofp\libcr_eabihelpers.a(thumb1_switch_helpers.o)
__gnu_thumb1_case_si                              c:/nxp/mcuxpressoide_11.6.0_8187/ide/plugins/com.nxp.mcuxpresso.tools.win32_11.6.0.202112161359/tools/bin/../lib/gcc/arm-none-eabi/10.3.1/thumb/v6-m/nofp\libcr_eabihelpers.a(thumb1_switch_helpers.o)
__gnu_thumb1_case_sqi                             c:/nxp/mcuxpressoide_11.6.0_8187/ide/plugins/com.nxp.mcuxpresso.tools.win32_11.6.0.202112161359/tools/bin/../lib/gcc/arm-none-eabi/10.3.1/thumb/v6-m/nofp\libcr_eabihelpers.a(thumb1_switch_helpers.o)
__gnu_thumb1_case_uhi                             c:/nxp/mcuxpressoide_11.6.0_8187/ide/plugins/com.nxp.mcuxpresso.tools.win32_11.6.0.202112161359/tools/bin/../lib/gcc/arm-none-eabi/10.3.1/thumb/v6-m/nofp\libcr_eabihelpers.a(thumb1_switch_helpers.o)
__gnu_thumb1_case_uqi                             c:/nxp/mcuxpressoide_11.6.0_8187/ide/plugins/com.nxp.mcuxpresso.tools.win32_11.6.0.202112161359/tools/bin/../lib/gcc/arm-none-eabi/10.3.1/thumb/v6-m/nofp\libcr_eabihelpers.a(thumb1_switch_helpers.o)
                                                  ./src/CAN_Controller.o
__main                                            c:/nxp/mcuxpressoide_11.6.0_8187/ide/plugins/com.nxp.mcuxpresso.tools.win32_11.6.0.202112161359/tools/bin/../lib/gcc/arm-none-eabi/10.3.1/../../../../arm-none-eabi/lib/thumb/v6-m/nofp\libcr_c.a(__weak__main.o)
                                                  ./src/cr_startup_lpc11xx.o
__valid_user_code_checksum                        ./src/cr_startup_lpc11xx.o
__weak_main                                       c:/nxp/mcuxpressoide_11.6.0_8187/ide/plugins/com.nxp.mcuxpresso.tools.win32_11.6.0.202112161359/tools/bin/../lib/gcc/arm-none-eabi/10.3.1/../../../../arm-none-eabi/lib/thumb/v6-m/nofp\libcr_c.a(__weak__main.o)
_vStackTop                                        ./src/cr_startup_lpc11xx.o
baudrateCalculate                                 ./src/CAN_Controller.o
bss_init                                          ./src/cr_startup_lpc11xx.o
data_init                                         ./src/cr_startup_lpc11xx.o
g_pfnVectors                                      ./src/cr_startup_lpc11xx.o
getAnalog                                         ./src/CAN_Controller.o
getInput                                          ./src/CAN_Controller.o
getOutp                                           ./src/CAN_Controller.o
inp_value                                         ./src/CAN_Controller.o
ledstatus                                         ./src/CAN_Controller.o
main                                              ./src/CAN_Controller.o
                                                  c:/nxp/mcuxpressoide_11.6.0_8187/ide/plugins/com.nxp.mcuxpresso.tools.win32_11.6.0.202112161359/tools/bin/../lib/gcc/arm-none-eabi/10.3.1/../../../../arm-none-eabi/lib/thumb/v6-m/nofp\libcr_c.a(__weak__main.o)
out_value                                         ./src/CAN_Controller.o
pot                                               ./src/CAN_Controller.o
pot_send_data                                     ./src/CAN_Controller.o
readAdcVal                                        C:\Users\sdkar\Documents\MCUXpressoIDE_11.6.0_8187\workspace\lpc_chip_11cxx_lib\Release\liblpc_chip_11cxx_lib.a(adc_11xx.o)
received_signal                                   ./src/CAN_Controller.o
send_msg                                          ./src/CAN_Controller.o
setStartMode                                      C:\Users\sdkar\Documents\MCUXpressoIDE_11.6.0_8187\workspace\lpc_chip_11cxx_lib\Release\liblpc_chip_11cxx_lib.a(adc_11xx.o)
set_up_msg                                        ./src/CAN_Controller.o
systick                                           ./src/CAN_Controller.o
temperature                                       ./src/CAN_Controller.o
